Archive member included to satisfy reference by file (symbol)

c:/st/stm32cubeide_1.4.0/stm32cubeide/plugins/com.st.stm32cube.ide.mcu.externaltools.gnu-tools-for-stm32.7-2018-q2-update.win32_1.5.0.202011040924/tools/bin/../lib/gcc/arm-none-eabi/7.3.1/../../../../arm-none-eabi/lib/thumb/v7e-m/fpv4-sp/hard\libc_nano.a(lib_a-calloc.o)
                              Core/Src/Lcd/stm32_adafruit_lcd.o (calloc)
c:/st/stm32cubeide_1.4.0/stm32cubeide/plugins/com.st.stm32cube.ide.mcu.externaltools.gnu-tools-for-stm32.7-2018-q2-update.win32_1.5.0.202011040924/tools/bin/../lib/gcc/arm-none-eabi/7.3.1/../../../../arm-none-eabi/lib/thumb/v7e-m/fpv4-sp/hard\libc_nano.a(lib_a-exit.o)
                              c:/st/stm32cubeide_1.4.0/stm32cubeide/plugins/com.st.stm32cube.ide.mcu.externaltools.gnu-tools-for-stm32.7-2018-q2-update.win32_1.5.0.202011040924/tools/bin/../lib/gcc/arm-none-eabi/7.3.1/../../../../arm-none-eabi/lib/thumb/v7e-m/fpv4-sp/hard/crt0.o (exit)
c:/st/stm32cubeide_1.4.0/stm32cubeide/plugins/com.st.stm32cube.ide.mcu.externaltools.gnu-tools-for-stm32.7-2018-q2-update.win32_1.5.0.202011040924/tools/bin/../lib/gcc/arm-none-eabi/7.3.1/../../../../arm-none-eabi/lib/thumb/v7e-m/fpv4-sp/hard\libc_nano.a(lib_a-impure.o)
                              c:/st/stm32cubeide_1.4.0/stm32cubeide/plugins/com.st.stm32cube.ide.mcu.externaltools.gnu-tools-for-stm32.7-2018-q2-update.win32_1.5.0.202011040924/tools/bin/../lib/gcc/arm-none-eabi/7.3.1/../../../../arm-none-eabi/lib/thumb/v7e-m/fpv4-sp/hard\libc_nano.a(lib_a-exit.o) (_global_impure_ptr)
c:/st/stm32cubeide_1.4.0/stm32cubeide/plugins/com.st.stm32cube.ide.mcu.externaltools.gnu-tools-for-stm32.7-2018-q2-update.win32_1.5.0.202011040924/tools/bin/../lib/gcc/arm-none-eabi/7.3.1/../../../../arm-none-eabi/lib/thumb/v7e-m/fpv4-sp/hard\libc_nano.a(lib_a-init.o)
                              c:/st/stm32cubeide_1.4.0/stm32cubeide/plugins/com.st.stm32cube.ide.mcu.externaltools.gnu-tools-for-stm32.7-2018-q2-update.win32_1.5.0.202011040924/tools/bin/../lib/gcc/arm-none-eabi/7.3.1/../../../../arm-none-eabi/lib/thumb/v7e-m/fpv4-sp/hard/crt0.o (__libc_init_array)
c:/st/stm32cubeide_1.4.0/stm32cubeide/plugins/com.st.stm32cube.ide.mcu.externaltools.gnu-tools-for-stm32.7-2018-q2-update.win32_1.5.0.202011040924/tools/bin/../lib/gcc/arm-none-eabi/7.3.1/../../../../arm-none-eabi/lib/thumb/v7e-m/fpv4-sp/hard\libc_nano.a(lib_a-malloc.o)
                              Core/Src/Lcd/stm32_adafruit_lcd.o (free)
c:/st/stm32cubeide_1.4.0/stm32cubeide/plugins/com.st.stm32cube.ide.mcu.externaltools.gnu-tools-for-stm32.7-2018-q2-update.win32_1.5.0.202011040924/tools/bin/../lib/gcc/arm-none-eabi/7.3.1/../../../../arm-none-eabi/lib/thumb/v7e-m/fpv4-sp/hard\libc_nano.a(lib_a-memset.o)
                              c:/st/stm32cubeide_1.4.0/stm32cubeide/plugins/com.st.stm32cube.ide.mcu.externaltools.gnu-tools-for-stm32.7-2018-q2-update.win32_1.5.0.202011040924/tools/bin/../lib/gcc/arm-none-eabi/7.3.1/../../../../arm-none-eabi/lib/thumb/v7e-m/fpv4-sp/hard/crt0.o (memset)
c:/st/stm32cubeide_1.4.0/stm32cubeide/plugins/com.st.stm32cube.ide.mcu.externaltools.gnu-tools-for-stm32.7-2018-q2-update.win32_1.5.0.202011040924/tools/bin/../lib/gcc/arm-none-eabi/7.3.1/../../../../arm-none-eabi/lib/thumb/v7e-m/fpv4-sp/hard\libc_nano.a(lib_a-nano-callocr.o)
                              c:/st/stm32cubeide_1.4.0/stm32cubeide/plugins/com.st.stm32cube.ide.mcu.externaltools.gnu-tools-for-stm32.7-2018-q2-update.win32_1.5.0.202011040924/tools/bin/../lib/gcc/arm-none-eabi/7.3.1/../../../../arm-none-eabi/lib/thumb/v7e-m/fpv4-sp/hard\libc_nano.a(lib_a-calloc.o) (_calloc_r)
c:/st/stm32cubeide_1.4.0/stm32cubeide/plugins/com.st.stm32cube.ide.mcu.externaltools.gnu-tools-for-stm32.7-2018-q2-update.win32_1.5.0.202011040924/tools/bin/../lib/gcc/arm-none-eabi/7.3.1/../../../../arm-none-eabi/lib/thumb/v7e-m/fpv4-sp/hard\libc_nano.a(lib_a-nano-freer.o)
                              c:/st/stm32cubeide_1.4.0/stm32cubeide/plugins/com.st.stm32cube.ide.mcu.externaltools.gnu-tools-for-stm32.7-2018-q2-update.win32_1.5.0.202011040924/tools/bin/../lib/gcc/arm-none-eabi/7.3.1/../../../../arm-none-eabi/lib/thumb/v7e-m/fpv4-sp/hard\libc_nano.a(lib_a-malloc.o) (_free_r)
c:/st/stm32cubeide_1.4.0/stm32cubeide/plugins/com.st.stm32cube.ide.mcu.externaltools.gnu-tools-for-stm32.7-2018-q2-update.win32_1.5.0.202011040924/tools/bin/../lib/gcc/arm-none-eabi/7.3.1/../../../../arm-none-eabi/lib/thumb/v7e-m/fpv4-sp/hard\libc_nano.a(lib_a-nano-mallocr.o)
                              c:/st/stm32cubeide_1.4.0/stm32cubeide/plugins/com.st.stm32cube.ide.mcu.externaltools.gnu-tools-for-stm32.7-2018-q2-update.win32_1.5.0.202011040924/tools/bin/../lib/gcc/arm-none-eabi/7.3.1/../../../../arm-none-eabi/lib/thumb/v7e-m/fpv4-sp/hard\libc_nano.a(lib_a-malloc.o) (_malloc_r)
[...]
Memory Configuration

Name             Origin             Length             Attributes
RAM              0x0000000020000000 0x0000000000020000 xrw
FLASH            0x0000000008000000 0x0000000000080000 xr
*default*        0x0000000000000000 0xffffffffffffffff

Linker script and memory map

LOAD c:/st/stm32cubeide_1.4.0/stm32cubeide/plugins/com.st.stm32cube.ide.mcu.externaltools.gnu-tools-for-stm32.7-2018-q2-update.win32_1.5.0.202011040924/tools/bin/../lib/gcc/arm-none-eabi/7.3.1/thumb/v7e-m/fpv4-sp/hard/crti.o
LOAD c:/st/stm32cubeide_1.4.0/stm32cubeide/plugins/com.st.stm32cube.ide.mcu.externaltools.gnu-tools-for-stm32.7-2018-q2-update.win32_1.5.0.202011040924/tools/bin/../lib/gcc/arm-none-eabi/7.3.1/thumb/v7e-m/fpv4-sp/hard/crtbegin.o
LOAD c:/st/stm32cubeide_1.4.0/stm32cubeide/plugins/com.st.stm32cube.ide.mcu.externaltools.gnu-tools-for-stm32.7-2018-q2-update.win32_1.5.0.202011040924/tools/bin/../lib/gcc/arm-none-eabi/7.3.1/../../../../arm-none-eabi/lib/thumb/v7e-m/fpv4-sp/hard/crt0.o
LOAD Core/Src/Lcd/Fonts/FontRoboto28.o
LOAD Core/Src/Lcd/Fonts/Icons/Lightning.o
LOAD Core/Src/Lcd/Fonts/Icons/Thermometer.o
LOAD Core/Src/Lcd/Fonts/Legacy/font12.o
LOAD Core/Src/Lcd/Fonts/Legacy/font16.o
LOAD Core/Src/Lcd/Fonts/Legacy/font20.o
LOAD Core/Src/Lcd/Fonts/Legacy/font24.o
LOAD Core/Src/Lcd/Fonts/Legacy/font32.o
LOAD Core/Src/Lcd/Fonts/Legacy/font8.o
LOAD Core/Src/Lcd/Fonts/Roboto/Black/RobotoBlack24.o
LOAD Core/Src/Lcd/Fonts/Roboto/Black/RobotoBlack26.o
LOAD Core/Src/Lcd/Fonts/Roboto/Black/RobotoBlack27.o
LOAD Core/Src/Lcd/Fonts/Roboto/Black/RobotoBlack28.o
LOAD Core/Src/Lcd/Fonts/Roboto/Black/RobotoBlack30.o
LOAD Core/Src/Lcd/Fonts/Roboto/Black/RobotoBlack32.o
LOAD Core/Src/Lcd/Fonts/Roboto/Black/RobotoBlack34.o
LOAD Core/Src/Lcd/Fonts/Roboto/Black/RobotoBlack36.o
LOAD Core/Src/Lcd/Fonts/Roboto/Medium/RobotoMedium22.o
LOAD Core/Src/Lcd/Fonts/Roboto/Medium/RobotoMedium24.o
LOAD Core/Src/Lcd/Fonts/Roboto/Medium/RobotoMedium26.o
LOAD Core/Src/Lcd/Fonts/Roboto/Medium/RobotoMedium28.o
LOAD Core/Src/Lcd/Fonts/Roboto/Medium/RobotoMedium32.o
LOAD Core/Src/Lcd/Fonts/Roboto/Medium/RobotoMedium34.o
LOAD Core/Src/Lcd/Fonts/Roboto/Medium/RobotoMedium36.o
LOAD Core/Src/Lcd/ili9488.o
LOAD Core/Src/Lcd/lcd_io_spi.o
LOAD Core/Src/Lcd/stm32_adafruit_lcd.o
LOAD Core/Src/Other/syscalls.o
LOAD Core/Src/car_settings.o
LOAD Core/Src/gui.o
LOAD Core/Src/main.o
LOAD Core/Src/stm32f4xx_hal_msp.o
LOAD Core/Src/stm32f4xx_hal_timebase_tim.o
LOAD Core/Src/stm32f4xx_it.o
LOAD Core/Src/system_stm32f4xx.o
LOAD Core/Startup/startup_stm32f446retx.o
LOAD Drivers/STM32F4xx_HAL_Driver/Src/stm32f4xx_hal.o
LOAD Drivers/STM32F4xx_HAL_Driver/Src/stm32f4xx_hal_cortex.o
LOAD Drivers/STM32F4xx_HAL_Driver/Src/stm32f4xx_hal_dma.o
LOAD Drivers/STM32F4xx_HAL_Driver/Src/stm32f4xx_hal_dma_ex.o
LOAD Drivers/STM32F4xx_HAL_Driver/Src/stm32f4xx_hal_exti.o
LOAD Drivers/STM32F4xx_HAL_Driver/Src/stm32f4xx_hal_flash.o
LOAD Drivers/STM32F4xx_HAL_Driver/Src/stm32f4xx_hal_flash_ex.o
LOAD Drivers/STM32F4xx_HAL_Driver/Src/stm32f4xx_hal_flash_ramfunc.o
LOAD Drivers/STM32F4xx_HAL_Driver/Src/stm32f4xx_hal_gpio.o
LOAD Drivers/STM32F4xx_HAL_Driver/Src/stm32f4xx_hal_pwr.o
LOAD Drivers/STM32F4xx_HAL_Driver/Src/stm32f4xx_hal_pwr_ex.o
LOAD Drivers/STM32F4xx_HAL_Driver/Src/stm32f4xx_hal_rcc.o
LOAD Drivers/STM32F4xx_HAL_Driver/Src/stm32f4xx_hal_rcc_ex.o
LOAD Drivers/STM32F4xx_HAL_Driver/Src/stm32f4xx_hal_rtc.o
LOAD Drivers/STM32F4xx_HAL_Driver/Src/stm32f4xx_hal_rtc_ex.o
LOAD Drivers/STM32F4xx_HAL_Driver/Src/stm32f4xx_hal_sd.o
LOAD Drivers/STM32F4xx_HAL_Driver/Src/stm32f4xx_hal_spi.o
LOAD Drivers/STM32F4xx_HAL_Driver/Src/stm32f4xx_hal_tim.o
LOAD Drivers/STM32F4xx_HAL_Driver/Src/stm32f4xx_hal_tim_ex.o
LOAD Drivers/STM32F4xx_HAL_Driver/Src/stm32f4xx_hal_uart.o
LOAD Drivers/STM32F4xx_HAL_Driver/Src/stm32f4xx_ll_sdmmc.o
START GROUP
LOAD c:/st/stm32cubeide_1.4.0/stm32cubeide/plugins/com.st.stm32cube.ide.mcu.externaltools.gnu-tools-for-stm32.7-2018-q2-update.win32_1.5.0.202011040924/tools/bin/../lib/gcc/arm-none-eabi/7.3.1/../../../../arm-none-eabi/lib/thumb/v7e-m/fpv4-sp/hard\libc_nano.a
LOAD c:/st/stm32cubeide_1.4.0/stm32cubeide/plugins/com.st.stm32cube.ide.mcu.externaltools.gnu-tools-for-stm32.7-2018-q2-update.win32_1.5.0.202011040924/tools/bin/../lib/gcc/arm-none-eabi/7.3.1/../../../../arm-none-eabi/lib/thumb/v7e-m/fpv4-sp/hard\libm.a
END GROUP
START GROUP
LOAD c:/st/stm32cubeide_1.4.0/stm32cubeide/plugins/com.st.stm32cube.ide.mcu.externaltools.gnu-tools-for-stm32.7-2018-q2-update.win32_1.5.0.202011040924/tools/bin/../lib/gcc/arm-none-eabi/7.3.1/thumb/v7e-m/fpv4-sp/hard\libgcc.a
LOAD c:/st/stm32cubeide_1.4.0/stm32cubeide/plugins/com.st.stm32cube.ide.mcu.externaltools.gnu-tools-for-stm32.7-2018-q2-update.win32_1.5.0.202011040924/tools/bin/../lib/gcc/arm-none-eabi/7.3.1/../../../../arm-none-eabi/lib/thumb/v7e-m/fpv4-sp/hard\libc_nano.a
END GROUP
START GROUP
LOAD c:/st/stm32cubeide_1.4.0/stm32cubeide/plugins/com.st.stm32cube.ide.mcu.externaltools.gnu-tools-for-stm32.7-2018-q2-update.win32_1.5.0.202011040924/tools/bin/../lib/gcc/arm-none-eabi/7.3.1/thumb/v7e-m/fpv4-sp/hard\libgcc.a
LOAD c:/st/stm32cubeide_1.4.0/stm32cubeide/plugins/com.st.stm32cube.ide.mcu.externaltools.gnu-tools-for-stm32.7-2018-q2-update.win32_1.5.0.202011040924/tools/bin/../lib/gcc/arm-none-eabi/7.3.1/../../../../arm-none-eabi/lib/thumb/v7e-m/fpv4-sp/hard\libc_nano.a
LOAD c:/st/stm32cubeide_1.4.0/stm32cubeide/plugins/com.st.stm32cube.ide.mcu.externaltools.gnu-tools-for-stm32.7-2018-q2-update.win32_1.5.0.202011040924/tools/bin/../lib/gcc/arm-none-eabi/7.3.1/../../../../arm-none-eabi/lib/thumb/v7e-m/fpv4-sp/hard\libnosys.a
END GROUP
START GROUP
LOAD c:/st/stm32cubeide_1.4.0/stm32cubeide/plugins/com.st.stm32cube.ide.mcu.externaltools.gnu-tools-for-stm32.7-2018-q2-update.win32_1.5.0.202011040924/tools/bin/../lib/gcc/arm-none-eabi/7.3.1/thumb/v7e-m/fpv4-sp/hard\libgcc.a
LOAD c:/st/stm32cubeide_1.4.0/stm32cubeide/plugins/com.st.stm32cube.ide.mcu.externaltools.gnu-tools-for-stm32.7-2018-q2-update.win32_1.5.0.202011040924/tools/bin/../lib/gcc/arm-none-eabi/7.3.1/../../../../arm-none-eabi/lib/thumb/v7e-m/fpv4-sp/hard\libc_nano.a
LOAD c:/st/stm32cubeide_1.4.0/stm32cubeide/plugins/com.st.stm32cube.ide.mcu.externaltools.gnu-tools-for-stm32.7-2018-q2-update.win32_1.5.0.202011040924/tools/bin/../lib/gcc/arm-none-eabi/7.3.1/../../../../arm-none-eabi/lib/thumb/v7e-m/fpv4-sp/hard\libnosys.a
END GROUP
LOAD c:/st/stm32cubeide_1.4.0/stm32cubeide/plugins/com.st.stm32cube.ide.mcu.externaltools.gnu-tools-for-stm32.7-2018-q2-update.win32_1.5.0.202011040924/tools/bin/../lib/gcc/arm-none-eabi/7.3.1/thumb/v7e-m/fpv4-sp/hard/crtend.o
LOAD c:/st/stm32cubeide_1.4.0/stm32cubeide/plugins/com.st.stm32cube.ide.mcu.externaltools.gnu-tools-for-stm32.7-2018-q2-update.win32_1.5.0.202011040924/tools/bin/../lib/gcc/arm-none-eabi/7.3.1/thumb/v7e-m/fpv4-sp/hard/crtn.o
                0x0000000020020000                _estack = (ORIGIN (RAM) + LENGTH (RAM))
                0x0000000000000200                _Min_Heap_Size = 0x200
                0x0000000000000800                _Min_Stack_Size = 0x800

.isr_vector     0x0000000008000000      0x1c4
                0x0000000008000000                . = ALIGN (0x4)
 *(.isr_vector)
 .isr_vector    0x0000000008000000      0x1c4 Core/Startup/startup_stm32f446retx.o
                0x0000000008000000                g_pfnVectors
                0x00000000080001c4                . = ALIGN (0x4)

.text           0x00000000080001d0     0x98a4
                0x00000000080001d0                . = ALIGN (0x4)
 *(.text)
 .text          0x00000000080001d0       0x40 c:/st/stm32cubeide_1.4.0/stm32cubeide/plugins/com.st.stm32cube.ide.mcu.externaltools.gnu-tools-for-stm32.7-2018-q2-update.win32_1.5.0.202011040924/tools/bin/../lib/gcc/arm-none-eabi/7.3.1/thumb/v7e-m/fpv4-sp/hard/crtbegin.o
 .text          0x0000000008000210       0x10 c:/st/stm32cubeide_1.4.0/stm32cubeide/plugins/com.st.stm32cube.ide.mcu.externaltools.gnu-tools-for-stm32.7-2018-q2-update.win32_1.5.0.202011040924/tools/bin/../lib/gcc/arm-none-eabi/7.3.1/../../../../arm-none-eabi/lib/thumb/v7e-m/fpv4-sp/hard\libc_nano.a(lib_a-strlen.o)
                0x0000000008000210                strlen
 .text          0x0000000008000220       0xa0 c:/st/stm32cubeide_1.4.0/stm32cubeide/plugins/com.st.stm32cube.ide.mcu.externaltools.gnu-tools-for-stm32.7-2018-q2-update.win32_1.5.0.202011040924/tools/bin/../lib/gcc/arm-none-eabi/7.3.1/../../../../arm-none-eabi/lib/thumb/v7e-m/fpv4-sp/hard\libc_nano.a(lib_a-memchr.o)
                0x0000000008000220                memchr
 .text          0x00000000080002c0      0x378 c:/st/stm32cubeide_1.4.0/stm32cubeide/plugins/com.st.stm32cube.ide.mcu.externaltools.gnu-tools-for-stm32.7-2018-q2-update.win32_1.5.0.202011040924/tools/bin/../lib/gcc/arm-none-eabi/7.3.1/thumb/v7e-m/fpv4-sp/hard\libgcc.a(_arm_addsubdf3.o)
                0x00000000080002c0                __aeabi_drsub
                0x00000000080002c8                __aeabi_dsub
                0x00000000080002c8                __subdf3
                0x00000000080002cc                __aeabi_dadd
                0x00000000080002cc                __adddf3
                0x0000000008000544                __floatunsidf
                0x0000000008000544                __aeabi_ui2d
                0x0000000008000564                __floatsidf
                0x0000000008000564                __aeabi_i2d
                0x0000000008000588                __aeabi_f2d
                0x0000000008000588                __extendsfdf2
                0x00000000080005cc                __floatundidf
                0x00000000080005cc                __aeabi_ul2d
                0x00000000080005dc                __floatdidf
                0x00000000080005dc                __aeabi_l2d
 .text          0x0000000008000638      0x424 c:/st/stm32cubeide_1.4.0/stm32cubeide/plugins/com.st.stm32cube.ide.mcu.externaltools.gnu-tools-for-stm32.7-2018-q2-update.win32_1.5.0.202011040924/tools/bin/../lib/gcc/arm-none-eabi/7.3.1/thumb/v7e-m/fpv4-sp/hard\libgcc.a(_arm_muldivdf3.o)
                0x0000000008000638                __aeabi_dmul
                0x0000000008000638                __muldf3
                0x000000000800088c                __divdf3
                0x000000000800088c                __aeabi_ddiv
 .text          0x0000000008000a5c      0x110 c:/st/stm32cubeide_1.4.0/stm32cubeide/plugins/com.st.stm32cube.ide.mcu.externaltools.gnu-tools-for-stm32.7-2018-q2-update.win32_1.5.0.202011040924/tools/bin/../lib/gcc/arm-none-eabi/7.3.1/thumb/v7e-m/fpv4-sp/hard\libgcc.a(_arm_cmpdf2.o)
                0x0000000008000a5c                __gtdf2
                0x0000000008000a5c                __gedf2
                0x0000000008000a64                __ltdf2
                0x0000000008000a64                __ledf2
                0x0000000008000a6c                __nedf2
                0x0000000008000a6c                __eqdf2
                0x0000000008000a6c                __cmpdf2
                0x0000000008000ae8                __aeabi_cdrcmple
                0x0000000008000af8                __aeabi_cdcmpeq
                0x0000000008000af8                __aeabi_cdcmple
                0x0000000008000b08                __aeabi_dcmpeq
                0x0000000008000b1c                __aeabi_dcmplt
                0x0000000008000b30                __aeabi_dcmple
                0x0000000008000b44                __aeabi_dcmpge
                0x0000000008000b58                __aeabi_dcmpgt
 .text          0x0000000008000b6c       0x2c c:/st/stm32cubeide_1.4.0/stm32cubeide/plugins/com.st.stm32cube.ide.mcu.externaltools.gnu-tools-for-stm32.7-2018-q2-update.win32_1.5.0.202011040924/tools/bin/../lib/gcc/arm-none-eabi/7.3.1/thumb/v7e-m/fpv4-sp/hard\libgcc.a(_arm_unorddf2.o)
                0x0000000008000b6c                __unorddf2
                0x0000000008000b6c                __aeabi_dcmpun
 .text          0x0000000008000b98       0x50 c:/st/stm32cubeide_1.4.0/stm32cubeide/plugins/com.st.stm32cube.ide.mcu.externaltools.gnu-tools-for-stm32.7-2018-q2-update.win32_1.5.0.202011040924/tools/bin/../lib/gcc/arm-none-eabi/7.3.1/thumb/v7e-m/fpv4-sp/hard\libgcc.a(_arm_fixdfsi.o)
                0x0000000008000b98                __aeabi_d2iz
                0x0000000008000b98                __fixdfsi
 .text          0x0000000008000be8       0x30 c:/st/stm32cubeide_1.4.0/stm32cubeide/plugins/com.st.stm32cube.ide.mcu.externaltools.gnu-tools-for-stm32.7-2018-q2-update.win32_1.5.0.202011040924/tools/bin/../lib/gcc/arm-none-eabi/7.3.1/thumb/v7e-m/fpv4-sp/hard\libgcc.a(_aeabi_uldivmod.o)
                0x0000000008000be8                __aeabi_uldivmod
 .text          0x0000000008000c18      0x2cc c:/st/stm32cubeide_1.4.0/stm32cubeide/plugins/com.st.stm32cube.ide.mcu.externaltools.gnu-tools-for-stm32.7-2018-q2-update.win32_1.5.0.202011040924/tools/bin/../lib/gcc/arm-none-eabi/7.3.1/thumb/v7e-m/fpv4-sp/hard\libgcc.a(_udivmoddi4.o)
                0x0000000008000c18                __udivmoddi4
 .text          0x0000000008000ee4        0x4 c:/st/stm32cubeide_1.4.0/stm32cubeide/plugins/com.st.stm32cube.ide.mcu.externaltools.gnu-tools-for-stm32.7-2018-q2-update.win32_1.5.0.202011040924/tools/bin/../lib/gcc/arm-none-eabi/7.3.1/thumb/v7e-m/fpv4-sp/hard\libgcc.a(_dvmd_tls.o)
                0x0000000008000ee4                __aeabi_idiv0
                0x0000000008000ee4                __aeabi_ldiv0
 *(.text*)
 .text.ili9488_Init
                0x0000000008000ee8      0x130 Core/Src/Lcd/ili9488.o
                0x0000000008000ee8                ili9488_Init
 .text.ili9488_DisplayOn
                0x0000000008001018       0x14 Core/Src/Lcd/ili9488.o
                0x0000000008001018                ili9488_DisplayOn
 .text.ili9488_DisplayOff
                0x000000000800102c       0x14 Core/Src/Lcd/ili9488.o
                0x000000000800102c                ili9488_DisplayOff
 .text.ili9488_GetLcdPixelWidth
                0x0000000008001040       0x12 Core/Src/Lcd/ili9488.o
                0x0000000008001040                ili9488_GetLcdPixelWidth
 .text.ili9488_GetLcdPixelHeight
                0x0000000008001052       0x12 Core/Src/Lcd/ili9488.o
                0x0000000008001052                ili9488_GetLcdPixelHeight
 .text.ili9488_ReadID
                0x0000000008001064       0x48 Core/Src/Lcd/ili9488.o
                0x0000000008001064                ili9488_ReadID
 .text.ili9488_SetCursor
                0x00000000080010ac       0x84 Core/Src/Lcd/ili9488.o
                0x00000000080010ac                ili9488_SetCursor
 .text.ili9488_write16to24
                0x0000000008001130       0x42 Core/Src/Lcd/ili9488.o
                0x0000000008001130                ili9488_write16to24
 .text.ili9488_WritePixel
                0x0000000008001172       0x94 Core/Src/Lcd/ili9488.o
                0x0000000008001172                ili9488_WritePixel
 .text.ili9488_ReadPixel
                0x0000000008001206       0x94 Core/Src/Lcd/ili9488.o
                0x0000000008001206                ili9488_ReadPixel
 *fill*         0x000000000800129a        0x2 
 .text.ili9488_SetDisplayWindow
                0x000000000800129c       0xd0 Core/Src/Lcd/ili9488.o
                0x000000000800129c                ili9488_SetDisplayWindow
 .text.ili9488_DrawHLine
                0x000000000800136c       0x36 Core/Src/Lcd/ili9488.o
                0x000000000800136c                ili9488_DrawHLine
 .text.ili9488_DrawVLine
                0x00000000080013a2       0x38 Core/Src/Lcd/ili9488.o
                0x00000000080013a2                ili9488_DrawVLine
 .text.ili9488_FillRect
                0x00000000080013da       0x56 Core/Src/Lcd/ili9488.o
                0x00000000080013da                ili9488_FillRect
 .text.ili9488_DrawBitmap
                0x0000000008001430      0x124 Core/Src/Lcd/ili9488.o
                0x0000000008001430                ili9488_DrawBitmap
 .text.ili9488_DrawRGBImage
                0x0000000008001554       0x5e Core/Src/Lcd/ili9488.o
                0x0000000008001554                ili9488_DrawRGBImage
 .text.ili9488_ReadRGBImage
                0x00000000080015b2       0x4c Core/Src/Lcd/ili9488.o
                0x00000000080015b2                ili9488_ReadRGBImage
 *fill*         0x00000000080015fe        0x2 
 .text.ili9488_Scroll
                0x0000000008001600       0xc0 Core/Src/Lcd/ili9488.o
                0x0000000008001600                ili9488_Scroll
 .text.LcdDirRead
                0x00000000080016c0       0x80 Core/Src/Lcd/lcd_io_spi.o
                0x00000000080016c0                LcdDirRead
 .text.LcdDirWrite
                0x0000000008001740       0x68 Core/Src/Lcd/lcd_io_spi.o
                0x0000000008001740                LcdDirWrite
 .text.LcdWrite8
                0x00000000080017a8       0x30 Core/Src/Lcd/lcd_io_spi.o
                0x00000000080017a8                LcdWrite8
 .text.LcdRead8
                0x00000000080017d8       0x2c Core/Src/Lcd/lcd_io_spi.o
                0x00000000080017d8                LcdRead8
 .text.LcdCmdWrite8
                0x0000000008001804       0x40 Core/Src/Lcd/lcd_io_spi.o
                0x0000000008001804                LcdCmdWrite8
 .text.LcdWrite16
                0x0000000008001844       0x30 Core/Src/Lcd/lcd_io_spi.o
                0x0000000008001844                LcdWrite16
 .text.LCD_IO_WriteMultiData8
                0x0000000008001874       0x40 Core/Src/Lcd/lcd_io_spi.o
                0x0000000008001874                LCD_IO_WriteMultiData8
 .text.LCD_IO_WriteMultiData16
                0x00000000080018b4       0x40 Core/Src/Lcd/lcd_io_spi.o
                0x00000000080018b4                LCD_IO_WriteMultiData16
 .text.LCD_IO_ReadMultiData8
                0x00000000080018f4       0x40 Core/Src/Lcd/lcd_io_spi.o
                0x00000000080018f4                LCD_IO_ReadMultiData8
 .text.LCD_IO_ReadMultiData16to24
                0x0000000008001934       0x7c Core/Src/Lcd/lcd_io_spi.o
                0x0000000008001934                LCD_IO_ReadMultiData16to24
 .text.LCD_IO_Delay
                0x00000000080019b0       0x20 Core/Src/Lcd/lcd_io_spi.o
                0x00000000080019b0                LCD_IO_Delay
 .text.LCD_Delay
                0x00000000080019d0       0x16 Core/Src/Lcd/lcd_io_spi.o
                0x00000000080019d0                LCD_Delay
 *fill*         0x00000000080019e6        0x2 
 .text.LCD_IO_Bl_OnOff
                0x00000000080019e8       0x30 Core/Src/Lcd/lcd_io_spi.o
                0x00000000080019e8                LCD_IO_Bl_OnOff
 .text.LCD_IO_Init
                0x0000000008001a18      0x170 Core/Src/Lcd/lcd_io_spi.o
                0x0000000008001a18                LCD_IO_Init
 .text.LCD_IO_WriteCmd8
                0x0000000008001b88       0x34 Core/Src/Lcd/lcd_io_spi.o
                0x0000000008001b88                LCD_IO_WriteCmd8
 .text.LCD_IO_WriteData8
                0x0000000008001bbc       0x34 Core/Src/Lcd/lcd_io_spi.o
                0x0000000008001bbc                LCD_IO_WriteData8
 .text.LCD_IO_WriteCmd8DataFill16
                0x0000000008001bf0       0x48 Core/Src/Lcd/lcd_io_spi.o
                0x0000000008001bf0                LCD_IO_WriteCmd8DataFill16
 .text.LCD_IO_WriteCmd8MultipleData8
                0x0000000008001c38       0x3c Core/Src/Lcd/lcd_io_spi.o
                0x0000000008001c38                LCD_IO_WriteCmd8MultipleData8
 .text.LCD_IO_WriteCmd8MultipleData16
                0x0000000008001c74       0x44 Core/Src/Lcd/lcd_io_spi.o
                0x0000000008001c74                LCD_IO_WriteCmd8MultipleData16
 .text.LCD_IO_ReadCmd8MultipleData8
                0x0000000008001cb8       0x48 Core/Src/Lcd/lcd_io_spi.o
                0x0000000008001cb8                LCD_IO_ReadCmd8MultipleData8
 .text.LCD_IO_ReadCmd8MultipleData24to16
                0x0000000008001d00       0x48 Core/Src/Lcd/lcd_io_spi.o
                0x0000000008001d00                LCD_IO_ReadCmd8MultipleData24to16
 .text.BSP_LCD_Init
                0x0000000008001d48       0x40 Core/Src/Lcd/stm32_adafruit_lcd.o
                0x0000000008001d48                BSP_LCD_Init
 .text.BSP_LCD_GetXSize
                0x0000000008001d88       0x18 Core/Src/Lcd/stm32_adafruit_lcd.o
                0x0000000008001d88                BSP_LCD_GetXSize
 .text.BSP_LCD_GetYSize
                0x0000000008001da0       0x18 Core/Src/Lcd/stm32_adafruit_lcd.o
                0x0000000008001da0                BSP_LCD_GetYSize
 .text.BSP_LCD_GetTextColor
                0x0000000008001db8       0x18 Core/Src/Lcd/stm32_adafruit_lcd.o
                0x0000000008001db8                BSP_LCD_GetTextColor
 .text.BSP_LCD_GetBackColor
                0x0000000008001dd0       0x18 Core/Src/Lcd/stm32_adafruit_lcd.o
                0x0000000008001dd0                BSP_LCD_GetBackColor
 .text.BSP_LCD_SetTextColor
                0x0000000008001de8       0x20 Core/Src/Lcd/stm32_adafruit_lcd.o
                0x0000000008001de8                BSP_LCD_SetTextColor
 .text.BSP_LCD_SetBackColor
                0x0000000008001e08       0x20 Core/Src/Lcd/stm32_adafruit_lcd.o
                0x0000000008001e08                BSP_LCD_SetBackColor
 .text.BSP_LCD_SetFont
                0x0000000008001e28       0x20 Core/Src/Lcd/stm32_adafruit_lcd.o
                0x0000000008001e28                BSP_LCD_SetFont
 .text.BSP_LCD_Clear
                0x0000000008001e48       0x3c Core/Src/Lcd/stm32_adafruit_lcd.o
                0x0000000008001e48                BSP_LCD_Clear
 .text.BSP_LCD_DisplayChar
                0x0000000008001e84       0x54 Core/Src/Lcd/stm32_adafruit_lcd.o
                0x0000000008001e84                BSP_LCD_DisplayChar
 .text.BSP_LCD_DisplayStringAt
                0x0000000008001ed8      0x118 Core/Src/Lcd/stm32_adafruit_lcd.o
                0x0000000008001ed8                BSP_LCD_DisplayStringAt
 .text.BSP_LCD_DrawPixel
                0x0000000008001ff0       0x38 Core/Src/Lcd/stm32_adafruit_lcd.o
                0x0000000008001ff0                BSP_LCD_DrawPixel
 .text.BSP_LCD_DrawHLine
                0x0000000008002028       0x74 Core/Src/Lcd/stm32_adafruit_lcd.o
                0x0000000008002028                BSP_LCD_DrawHLine
 .text.BSP_LCD_DrawVLine
                0x000000000800209c       0x74 Core/Src/Lcd/stm32_adafruit_lcd.o
                0x000000000800209c                BSP_LCD_DrawVLine
 .text.BSP_LCD_DrawLine
                0x0000000008002110      0x184 Core/Src/Lcd/stm32_adafruit_lcd.o
                0x0000000008002110                BSP_LCD_DrawLine
 .text.BSP_LCD_DrawRect
                0x0000000008002294       0x6a Core/Src/Lcd/stm32_adafruit_lcd.o
                0x0000000008002294                BSP_LCD_DrawRect
 *fill*         0x00000000080022fe        0x2 
 .text.BSP_LCD_DrawBitmap
                0x0000000008002300       0xb4 Core/Src/Lcd/stm32_adafruit_lcd.o
                0x0000000008002300                BSP_LCD_DrawBitmap
 .text.BSP_LCD_FillRect
                0x00000000080023b4       0x48 Core/Src/Lcd/stm32_adafruit_lcd.o
                0x00000000080023b4                BSP_LCD_FillRect
 .text.DrawChar
                0x00000000080023fc      0x1ec Core/Src/Lcd/stm32_adafruit_lcd.o
 .text.SetDisplayWindow
                0x00000000080025e8       0x44 Core/Src/Lcd/stm32_adafruit_lcd.o
 .text._sbrk    0x000000000800262c       0x40 Core/Src/Other/syscalls.o
                0x000000000800262c                _sbrk
 .text.changeDriver
                0x000000000800266c       0x2c Core/Src/car_settings.o
                0x000000000800266c                changeDriver
 .text.changeEvent
                0x0000000008002698       0x2c Core/Src/car_settings.o
                0x0000000008002698                changeEvent
 .text.clearArea
                0x00000000080026c4       0x62 Core/Src/gui.o
                0x00000000080026c4                clearArea
 *fill*         0x0000000008002726        0x2 
 .text.drawScreen
                0x0000000008002728       0xa8 Core/Src/gui.o
                0x0000000008002728                drawScreen
 .text.updateMenuScroll
                0x00000000080027d0       0x64 Core/Src/gui.o
                0x00000000080027d0                updateMenuScroll
 .text.drawRTDScreen
                0x0000000008002834       0xa8 Core/Src/gui.o
                0x0000000008002834                drawRTDScreen
 .text.updateRTDScreen
                0x00000000080028dc       0xb0 Core/Src/gui.o
                0x00000000080028dc                updateRTDScreen
 .text.drawSMScreen
                0x000000000800298c       0xa0 Core/Src/gui.o
                0x000000000800298c                drawSMScreen
 .text.updateSMScreen
                0x0000000008002a2c       0xc8 Core/Src/gui.o
                0x0000000008002a2c                updateSMScreen
 .text.drawDriverSelectionScreen
                0x0000000008002af4       0xb4 Core/Src/gui.o
                0x0000000008002af4                drawDriverSelectionScreen
 .text.updateDriverSelectionScreen
                0x0000000008002ba8       0x74 Core/Src/gui.o
                0x0000000008002ba8                updateDriverSelectionScreen
 .text.drawEventSelectionScreen
                0x0000000008002c1c       0xac Core/Src/gui.o
                0x0000000008002c1c                drawEventSelectionScreen
 .text.updateEventSelectionScreen
                0x0000000008002cc8       0x70 Core/Src/gui.o
                0x0000000008002cc8                updateEventSelectionScreen
 .text.drawCarConfigurationScreen
                0x0000000008002d38       0xb4 Core/Src/gui.o
                0x0000000008002d38                drawCarConfigurationScreen
 .text.updateCarConfigurationScreen
                0x0000000008002dec       0x74 Core/Src/gui.o
                0x0000000008002dec                updateCarConfigurationScreen
 .text.drawHeaderBar
                0x0000000008002e60       0x60 Core/Src/gui.o
                0x0000000008002e60                drawHeaderBar
 .text.drawAccumulatorDeltaBar
                0x0000000008002ec0      0x1f8 Core/Src/gui.o
                0x0000000008002ec0                drawAccumulatorDeltaBar
 .text.updateAccumulatorDeltaBar
                0x00000000080030b8      0x2a0 Core/Src/gui.o
                0x00000000080030b8                updateAccumulatorDeltaBar
 .text.drawAccumulatorTotalBar
                0x0000000008003358      0x12c Core/Src/gui.o
                0x0000000008003358                drawAccumulatorTotalBar
 .text.updateAccumulatorTotalBar
                0x0000000008003484      0x190 Core/Src/gui.o
                0x0000000008003484                updateAccumulatorTotalBar
 .text.drawReading
                0x0000000008003614       0xa4 Core/Src/gui.o
                0x0000000008003614                drawReading
 .text.updateReading
                0x00000000080036b8       0x40 Core/Src/gui.o
                0x00000000080036b8                updateReading
 .text.drawMenuItem
                0x00000000080036f8       0x84 Core/Src/gui.o
                0x00000000080036f8                drawMenuItem
 .text.updateMenuItem
                0x000000000800377c       0x50 Core/Src/gui.o
                0x000000000800377c                updateMenuItem
 .text.drawMenuItemWithValue
                0x00000000080037cc       0xb4 Core/Src/gui.o
                0x00000000080037cc                drawMenuItemWithValue
 .text.updateMenuItemWithValue
                0x0000000008003880       0x7c Core/Src/gui.o
                0x0000000008003880                updateMenuItemWithValue
 .text.main     0x00000000080038fc      0x1ac Core/Src/main.o
                0x00000000080038fc                main
 .text.SystemClock_Config
                0x0000000008003aa8      0x130 Core/Src/main.o
                0x0000000008003aa8                SystemClock_Config
 .text.MX_RTC_Init
                0x0000000008003bd8       0x4c Core/Src/main.o
 .text.MX_SDIO_SD_Init
                0x0000000008003c24       0x4c Core/Src/main.o
 .text.MX_SPI1_Init
                0x0000000008003c70       0x6c Core/Src/main.o
 .text.MX_SPI2_Init
                0x0000000008003cdc       0x6c Core/Src/main.o
 .text.MX_USART2_UART_Init
                0x0000000008003d48       0x54 Core/Src/main.o
 .text.MX_GPIO_Init
                0x0000000008003d9c      0x14c Core/Src/main.o
 .text.HAL_TIM_PeriodElapsedCallback
                0x0000000008003ee8       0x24 Core/Src/main.o
                0x0000000008003ee8                HAL_TIM_PeriodElapsedCallback
 .text.Error_Handler
                0x0000000008003f0c        0xe Core/Src/main.o
                0x0000000008003f0c                Error_Handler
 *fill*         0x0000000008003f1a        0x2 
 .text.HAL_MspInit
                0x0000000008003f1c       0x50 Core/Src/stm32f4xx_hal_msp.o
                0x0000000008003f1c                HAL_MspInit
 .text.HAL_RTC_MspInit
                0x0000000008003f6c       0x2c Core/Src/stm32f4xx_hal_msp.o
                0x0000000008003f6c                HAL_RTC_MspInit
 .text.HAL_SD_MspInit
                0x0000000008003f98      0x110 Core/Src/stm32f4xx_hal_msp.o
                0x0000000008003f98                HAL_SD_MspInit
 .text.HAL_SPI_MspInit
                0x00000000080040a8      0x15c Core/Src/stm32f4xx_hal_msp.o
                0x00000000080040a8                HAL_SPI_MspInit
 .text.HAL_UART_MspInit
                0x0000000008004204       0x90 Core/Src/stm32f4xx_hal_msp.o
                0x0000000008004204                HAL_UART_MspInit
 .text.HAL_InitTick
                0x0000000008004294       0xb4 Core/Src/stm32f4xx_hal_timebase_tim.o
                0x0000000008004294                HAL_InitTick
 .text.NMI_Handler
                0x0000000008004348        0xe Core/Src/stm32f4xx_it.o
                0x0000000008004348                NMI_Handler
 .text.HardFault_Handler
                0x0000000008004356        0x6 Core/Src/stm32f4xx_it.o
                0x0000000008004356                HardFault_Handler
 .text.MemManage_Handler
                0x000000000800435c        0x6 Core/Src/stm32f4xx_it.o
                0x000000000800435c                MemManage_Handler
 .text.BusFault_Handler
                0x0000000008004362        0x6 Core/Src/stm32f4xx_it.o
                0x0000000008004362                BusFault_Handler
 .text.UsageFault_Handler
                0x0000000008004368        0x6 Core/Src/stm32f4xx_it.o
                0x0000000008004368                UsageFault_Handler
 .text.SVC_Handler
                0x000000000800436e        0xe Core/Src/stm32f4xx_it.o
                0x000000000800436e                SVC_Handler
 .text.DebugMon_Handler
                0x000000000800437c        0xe Core/Src/stm32f4xx_it.o
                0x000000000800437c                DebugMon_Handler
 .text.PendSV_Handler
                0x000000000800438a        0xe Core/Src/stm32f4xx_it.o
                0x000000000800438a                PendSV_Handler
 .text.SysTick_Handler
                0x0000000008004398        0xe Core/Src/stm32f4xx_it.o
                0x0000000008004398                SysTick_Handler
 *fill*         0x00000000080043a6        0x2 
 .text.TIM4_IRQHandler
                0x00000000080043a8       0x14 Core/Src/stm32f4xx_it.o
                0x00000000080043a8                TIM4_IRQHandler
 .text.SystemInit
                0x00000000080043bc       0x2c Core/Src/system_stm32f4xx.o
                0x00000000080043bc                SystemInit
 .text.Reset_Handler
                0x00000000080043e8       0x50 Core/Startup/startup_stm32f446retx.o
                0x00000000080043e8                Reset_Handler
 .text.Default_Handler
                0x0000000008004438        0x2 Core/Startup/startup_stm32f446retx.o
                0x0000000008004438                RTC_Alarm_IRQHandler
                0x0000000008004438                EXTI2_IRQHandler
                0x0000000008004438                TIM8_CC_IRQHandler
                0x0000000008004438                FMPI2C1_EV_IRQHandler
                0x0000000008004438                SPI4_IRQHandler
                0x0000000008004438                TIM1_CC_IRQHandler
                0x0000000008004438                DMA2_Stream5_IRQHandler
                0x0000000008004438                DMA1_Stream5_IRQHandler
                0x0000000008004438                PVD_IRQHandler
                0x0000000008004438                SDIO_IRQHandler
                0x0000000008004438                TAMP_STAMP_IRQHandler
                0x0000000008004438                CAN2_RX1_IRQHandler
                0x0000000008004438                EXTI3_IRQHandler
                0x0000000008004438                TIM8_TRG_COM_TIM14_IRQHandler
                0x0000000008004438                TIM1_UP_TIM10_IRQHandler
                0x0000000008004438                TIM8_UP_TIM13_IRQHandler
                0x0000000008004438                I2C3_ER_IRQHandler
                0x0000000008004438                EXTI0_IRQHandler
                0x0000000008004438                I2C2_EV_IRQHandler
                0x0000000008004438                DMA1_Stream2_IRQHandler
                0x0000000008004438                CAN1_RX0_IRQHandler
                0x0000000008004438                FPU_IRQHandler
                0x0000000008004438                OTG_HS_WKUP_IRQHandler
                0x0000000008004438                CAN2_SCE_IRQHandler
                0x0000000008004438                DMA2_Stream2_IRQHandler
                0x0000000008004438                SPI1_IRQHandler
                0x0000000008004438                TIM6_DAC_IRQHandler
                0x0000000008004438                TIM1_BRK_TIM9_IRQHandler
                0x0000000008004438                DCMI_IRQHandler
                0x0000000008004438                CAN2_RX0_IRQHandler
                0x0000000008004438                DMA2_Stream3_IRQHandler
                0x0000000008004438                SAI2_IRQHandler
                0x0000000008004438                USART6_IRQHandler
                0x0000000008004438                USART3_IRQHandler
                0x0000000008004438                CAN1_RX1_IRQHandler
                0x0000000008004438                UART5_IRQHandler
                0x0000000008004438                DMA2_Stream0_IRQHandler
                0x0000000008004438                QUADSPI_IRQHandler
                0x0000000008004438                I2C1_EV_IRQHandler
                0x0000000008004438                DMA1_Stream6_IRQHandler
                0x0000000008004438                DMA1_Stream1_IRQHandler
                0x0000000008004438                UART4_IRQHandler
                0x0000000008004438                TIM3_IRQHandler
                0x0000000008004438                RCC_IRQHandler
                0x0000000008004438                TIM8_BRK_TIM12_IRQHandler
                0x0000000008004438                Default_Handler
                0x0000000008004438                CEC_IRQHandler
                0x0000000008004438                EXTI15_10_IRQHandler
                0x0000000008004438                ADC_IRQHandler
                0x0000000008004438                DMA1_Stream7_IRQHandler
                0x0000000008004438                TIM7_IRQHandler
                0x0000000008004438                CAN2_TX_IRQHandler
                0x0000000008004438                TIM5_IRQHandler
                0x0000000008004438                DMA2_Stream7_IRQHandler
                0x0000000008004438                I2C3_EV_IRQHandler
                0x0000000008004438                EXTI9_5_IRQHandler
                0x0000000008004438                RTC_WKUP_IRQHandler
                0x0000000008004438                SPDIF_RX_IRQHandler
                0x0000000008004438                SPI2_IRQHandler
                0x0000000008004438                OTG_HS_EP1_IN_IRQHandler
                0x0000000008004438                DMA1_Stream0_IRQHandler
                0x0000000008004438                CAN1_TX_IRQHandler
                0x0000000008004438                FMPI2C1_ER_IRQHandler
                0x0000000008004438                EXTI4_IRQHandler
                0x0000000008004438                OTG_HS_EP1_OUT_IRQHandler
                0x0000000008004438                WWDG_IRQHandler
                0x0000000008004438                TIM2_IRQHandler
                0x0000000008004438                OTG_FS_WKUP_IRQHandler
                0x0000000008004438                TIM1_TRG_COM_TIM11_IRQHandler
                0x0000000008004438                OTG_HS_IRQHandler
                0x0000000008004438                EXTI1_IRQHandler
                0x0000000008004438                USART2_IRQHandler
                0x0000000008004438                I2C2_ER_IRQHandler
                0x0000000008004438                DMA2_Stream1_IRQHandler
                0x0000000008004438                CAN1_SCE_IRQHandler
                0x0000000008004438                FLASH_IRQHandler
                0x0000000008004438                DMA2_Stream4_IRQHandler
                0x0000000008004438                USART1_IRQHandler
                0x0000000008004438                OTG_FS_IRQHandler
                0x0000000008004438                SPI3_IRQHandler
                0x0000000008004438                DMA1_Stream4_IRQHandler
                0x0000000008004438                I2C1_ER_IRQHandler
                0x0000000008004438                FMC_IRQHandler
                0x0000000008004438                DMA2_Stream6_IRQHandler
                0x0000000008004438                SAI1_IRQHandler
                0x0000000008004438                DMA1_Stream3_IRQHandler
 *fill*         0x000000000800443a        0x2 
 .text.HAL_Init
                0x000000000800443c       0x44 Drivers/STM32F4xx_HAL_Driver/Src/stm32f4xx_hal.o
                0x000000000800443c                HAL_Init
 .text.HAL_IncTick
                0x0000000008004480       0x28 Drivers/STM32F4xx_HAL_Driver/Src/stm32f4xx_hal.o
                0x0000000008004480                HAL_IncTick
 .text.HAL_GetTick
                0x00000000080044a8       0x18 Drivers/STM32F4xx_HAL_Driver/Src/stm32f4xx_hal.o
                0x00000000080044a8                HAL_GetTick
 .text.HAL_Delay
                0x00000000080044c0       0x44 Drivers/STM32F4xx_HAL_Driver/Src/stm32f4xx_hal.o
                0x00000000080044c0                HAL_Delay
 .text.__NVIC_SetPriorityGrouping
                0x0000000008004504       0x48 Drivers/STM32F4xx_HAL_Driver/Src/stm32f4xx_hal_cortex.o
 .text.__NVIC_GetPriorityGrouping
                0x000000000800454c       0x1c Drivers/STM32F4xx_HAL_Driver/Src/stm32f4xx_hal_cortex.o
 .text.__NVIC_EnableIRQ
                0x0000000008004568       0x3c Drivers/STM32F4xx_HAL_Driver/Src/stm32f4xx_hal_cortex.o
 .text.__NVIC_SetPriority
                0x00000000080045a4       0x54 Drivers/STM32F4xx_HAL_Driver/Src/stm32f4xx_hal_cortex.o
 .text.NVIC_EncodePriority
                0x00000000080045f8       0x66 Drivers/STM32F4xx_HAL_Driver/Src/stm32f4xx_hal_cortex.o
 .text.HAL_NVIC_SetPriorityGrouping
                0x000000000800465e       0x16 Drivers/STM32F4xx_HAL_Driver/Src/stm32f4xx_hal_cortex.o
                0x000000000800465e                HAL_NVIC_SetPriorityGrouping
 .text.HAL_NVIC_SetPriority
                0x0000000008004674       0x38 Drivers/STM32F4xx_HAL_Driver/Src/stm32f4xx_hal_cortex.o
                0x0000000008004674                HAL_NVIC_SetPriority
 .text.HAL_NVIC_EnableIRQ
                0x00000000080046ac       0x1c Drivers/STM32F4xx_HAL_Driver/Src/stm32f4xx_hal_cortex.o
                0x00000000080046ac                HAL_NVIC_EnableIRQ
 .text.HAL_GPIO_Init
                0x00000000080046c8      0x324 Drivers/STM32F4xx_HAL_Driver/Src/stm32f4xx_hal_gpio.o
                0x00000000080046c8                HAL_GPIO_Init
 .text.HAL_GPIO_ReadPin
                0x00000000080049ec       0x30 Drivers/STM32F4xx_HAL_Driver/Src/stm32f4xx_hal_gpio.o
                0x00000000080049ec                HAL_GPIO_ReadPin
 .text.HAL_GPIO_WritePin
                0x0000000008004a1c       0x32 Drivers/STM32F4xx_HAL_Driver/Src/stm32f4xx_hal_gpio.o
                0x0000000008004a1c                HAL_GPIO_WritePin
 *fill*         0x0000000008004a4e        0x2 
 .text.HAL_PWREx_EnableOverDrive
                0x0000000008004a50       0xa0 Drivers/STM32F4xx_HAL_Driver/Src/stm32f4xx_hal_pwr_ex.o
                0x0000000008004a50                HAL_PWREx_EnableOverDrive
 .text.HAL_RCC_ClockConfig
                0x0000000008004af0      0x1cc Drivers/STM32F4xx_HAL_Driver/Src/stm32f4xx_hal_rcc.o
                0x0000000008004af0                HAL_RCC_ClockConfig
 .text.HAL_RCC_GetHCLKFreq
                0x0000000008004cbc       0x18 Drivers/STM32F4xx_HAL_Driver/Src/stm32f4xx_hal_rcc.o
                0x0000000008004cbc                HAL_RCC_GetHCLKFreq
 .text.HAL_RCC_GetPCLK1Freq
                0x0000000008004cd4       0x28 Drivers/STM32F4xx_HAL_Driver/Src/stm32f4xx_hal_rcc.o
                0x0000000008004cd4                HAL_RCC_GetPCLK1Freq
 .text.HAL_RCC_GetPCLK2Freq
                0x0000000008004cfc       0x28 Drivers/STM32F4xx_HAL_Driver/Src/stm32f4xx_hal_rcc.o
                0x0000000008004cfc                HAL_RCC_GetPCLK2Freq
 .text.HAL_RCC_GetClockConfig
                0x0000000008004d24       0x64 Drivers/STM32F4xx_HAL_Driver/Src/stm32f4xx_hal_rcc.o
                0x0000000008004d24                HAL_RCC_GetClockConfig
 .text.HAL_RCCEx_PeriphCLKConfig
                0x0000000008004d88      0x654 Drivers/STM32F4xx_HAL_Driver/Src/stm32f4xx_hal_rcc_ex.o
                0x0000000008004d88                HAL_RCCEx_PeriphCLKConfig
 .text.HAL_RCC_GetSysClockFreq
                0x00000000080053dc      0x340 Drivers/STM32F4xx_HAL_Driver/Src/stm32f4xx_hal_rcc_ex.o
                0x00000000080053dc                HAL_RCC_GetSysClockFreq
 .text.HAL_RCC_OscConfig
                0x000000000800571c      0x4b4 Drivers/STM32F4xx_HAL_Driver/Src/stm32f4xx_hal_rcc_ex.o
                0x000000000800571c                HAL_RCC_OscConfig
 .text.HAL_RTC_Init
                0x0000000008005bd0      0x122 Drivers/STM32F4xx_HAL_Driver/Src/stm32f4xx_hal_rtc.o
                0x0000000008005bd0                HAL_RTC_Init
 .text.HAL_RTC_WaitForSynchro
                0x0000000008005cf2       0x50 Drivers/STM32F4xx_HAL_Driver/Src/stm32f4xx_hal_rtc.o
                0x0000000008005cf2                HAL_RTC_WaitForSynchro
 .text.RTC_EnterInitMode
                0x0000000008005d42       0x58 Drivers/STM32F4xx_HAL_Driver/Src/stm32f4xx_hal_rtc.o
                0x0000000008005d42                RTC_EnterInitMode
 .text.HAL_SD_Init
                0x0000000008005d9a       0x60 Drivers/STM32F4xx_HAL_Driver/Src/stm32f4xx_hal_sd.o
                0x0000000008005d9a                HAL_SD_Init
 *fill*         0x0000000008005dfa        0x2 
 .text.HAL_SD_InitCard
                0x0000000008005dfc       0xc0 Drivers/STM32F4xx_HAL_Driver/Src/stm32f4xx_hal_sd.o
                0x0000000008005dfc                HAL_SD_InitCard
 .text.HAL_SD_GetCardCSD
                0x0000000008005ebc      0x348 Drivers/STM32F4xx_HAL_Driver/Src/stm32f4xx_hal_sd.o
                0x0000000008005ebc                HAL_SD_GetCardCSD
 .text.SD_InitCard
                0x0000000008006204      0x19a Drivers/STM32F4xx_HAL_Driver/Src/stm32f4xx_hal_sd.o
 *fill*         0x000000000800639e        0x2 
 .text.SD_PowerON
                0x00000000080063a0      0x11c Drivers/STM32F4xx_HAL_Driver/Src/stm32f4xx_hal_sd.o
 .text.HAL_SPI_Init
                0x00000000080064bc       0xc8 Drivers/STM32F4xx_HAL_Driver/Src/stm32f4xx_hal_spi.o
                0x00000000080064bc                HAL_SPI_Init
 .text.HAL_TIM_Base_Init
                0x0000000008006584       0x56 Drivers/STM32F4xx_HAL_Driver/Src/stm32f4xx_hal_tim.o
                0x0000000008006584                HAL_TIM_Base_Init
 .text.HAL_TIM_Base_MspInit
                0x00000000080065da       0x14 Drivers/STM32F4xx_HAL_Driver/Src/stm32f4xx_hal_tim.o
                0x00000000080065da                HAL_TIM_Base_MspInit
 .text.HAL_TIM_Base_Start_IT
                0x00000000080065ee       0x48 Drivers/STM32F4xx_HAL_Driver/Src/stm32f4xx_hal_tim.o
                0x00000000080065ee                HAL_TIM_Base_Start_IT
 .text.HAL_TIM_IRQHandler
                0x0000000008006636      0x210 Drivers/STM32F4xx_HAL_Driver/Src/stm32f4xx_hal_tim.o
                0x0000000008006636                HAL_TIM_IRQHandler
 .text.HAL_TIM_OC_DelayElapsedCallback
                0x0000000008006846       0x14 Drivers/STM32F4xx_HAL_Driver/Src/stm32f4xx_hal_tim.o
                0x0000000008006846                HAL_TIM_OC_DelayElapsedCallback
 .text.HAL_TIM_IC_CaptureCallback
                0x000000000800685a       0x14 Drivers/STM32F4xx_HAL_Driver/Src/stm32f4xx_hal_tim.o
                0x000000000800685a                HAL_TIM_IC_CaptureCallback
 .text.HAL_TIM_PWM_PulseFinishedCallback
                0x000000000800686e       0x14 Drivers/STM32F4xx_HAL_Driver/Src/stm32f4xx_hal_tim.o
                0x000000000800686e                HAL_TIM_PWM_PulseFinishedCallback
 .text.HAL_TIM_TriggerCallback
                0x0000000008006882       0x14 Drivers/STM32F4xx_HAL_Driver/Src/stm32f4xx_hal_tim.o
                0x0000000008006882                HAL_TIM_TriggerCallback
 *fill*         0x0000000008006896        0x2 
 .text.TIM_Base_SetConfig
                0x0000000008006898      0x140 Drivers/STM32F4xx_HAL_Driver/Src/stm32f4xx_hal_tim.o
                0x0000000008006898                TIM_Base_SetConfig
 .text.HAL_TIMEx_CommutCallback
                0x00000000080069d8       0x14 Drivers/STM32F4xx_HAL_Driver/Src/stm32f4xx_hal_tim_ex.o
                0x00000000080069d8                HAL_TIMEx_CommutCallback
 .text.HAL_TIMEx_BreakCallback
                0x00000000080069ec       0x14 Drivers/STM32F4xx_HAL_Driver/Src/stm32f4xx_hal_tim_ex.o
                0x00000000080069ec                HAL_TIMEx_BreakCallback
 .text.HAL_UART_Init
                0x0000000008006a00       0x9a Drivers/STM32F4xx_HAL_Driver/Src/stm32f4xx_hal_uart.o
                0x0000000008006a00                HAL_UART_Init
 *fill*         0x0000000008006a9a        0x2 
 .text.UART_SetConfig
                0x0000000008006a9c      0x6f8 Drivers/STM32F4xx_HAL_Driver/Src/stm32f4xx_hal_uart.o
 .text.SDIO_Init
                0x0000000008007194       0x56 Drivers/STM32F4xx_HAL_Driver/Src/stm32f4xx_ll_sdmmc.o
                0x0000000008007194                SDIO_Init
 .text.SDIO_PowerState_ON
                0x00000000080071ea       0x1e Drivers/STM32F4xx_HAL_Driver/Src/stm32f4xx_ll_sdmmc.o
                0x00000000080071ea                SDIO_PowerState_ON
 .text.SDIO_GetPowerState
                0x0000000008007208       0x1c Drivers/STM32F4xx_HAL_Driver/Src/stm32f4xx_ll_sdmmc.o
                0x0000000008007208                SDIO_GetPowerState
 .text.SDIO_SendCommand
                0x0000000008007224       0x54 Drivers/STM32F4xx_HAL_Driver/Src/stm32f4xx_ll_sdmmc.o
                0x0000000008007224                SDIO_SendCommand
 .text.SDIO_GetCommandResponse
                0x0000000008007278       0x1a Drivers/STM32F4xx_HAL_Driver/Src/stm32f4xx_ll_sdmmc.o
                0x0000000008007278                SDIO_GetCommandResponse
 .text.SDIO_GetResponse
                0x0000000008007292       0x26 Drivers/STM32F4xx_HAL_Driver/Src/stm32f4xx_ll_sdmmc.o
                0x0000000008007292                SDIO_GetResponse
 .text.SDMMC_CmdSelDesel
                0x00000000080072b8       0x46 Drivers/STM32F4xx_HAL_Driver/Src/stm32f4xx_ll_sdmmc.o
                0x00000000080072b8                SDMMC_CmdSelDesel
 .text.SDMMC_CmdGoIdleState
                0x00000000080072fe       0x3c Drivers/STM32F4xx_HAL_Driver/Src/stm32f4xx_ll_sdmmc.o
                0x00000000080072fe                SDMMC_CmdGoIdleState
 .text.SDMMC_CmdOperCond
                0x000000000800733a       0x3e Drivers/STM32F4xx_HAL_Driver/Src/stm32f4xx_ll_sdmmc.o
                0x000000000800733a                SDMMC_CmdOperCond
 .text.SDMMC_CmdAppCommand
                0x0000000008007378       0x44 Drivers/STM32F4xx_HAL_Driver/Src/stm32f4xx_ll_sdmmc.o
                0x0000000008007378                SDMMC_CmdAppCommand
 .text.SDMMC_CmdAppOperCommand
                0x00000000080073bc       0x46 Drivers/STM32F4xx_HAL_Driver/Src/stm32f4xx_ll_sdmmc.o
                0x00000000080073bc                SDMMC_CmdAppOperCommand
 .text.SDMMC_CmdSendCID
                0x0000000008007402       0x3c Drivers/STM32F4xx_HAL_Driver/Src/stm32f4xx_ll_sdmmc.o
                0x0000000008007402                SDMMC_CmdSendCID
 .text.SDMMC_CmdSendCSD
                0x000000000800743e       0x3e Drivers/STM32F4xx_HAL_Driver/Src/stm32f4xx_ll_sdmmc.o
                0x000000000800743e                SDMMC_CmdSendCSD
 .text.SDMMC_CmdSetRelAdd
                0x000000000800747c       0x42 Drivers/STM32F4xx_HAL_Driver/Src/stm32f4xx_ll_sdmmc.o
                0x000000000800747c                SDMMC_CmdSetRelAdd
 *fill*         0x00000000080074be        0x2 
 .text.SDMMC_GetCmdError
                0x00000000080074c0       0x50 Drivers/STM32F4xx_HAL_Driver/Src/stm32f4xx_ll_sdmmc.o
 .text.SDMMC_GetCmdResp1
                0x0000000008007510      0x1d8 Drivers/STM32F4xx_HAL_Driver/Src/stm32f4xx_ll_sdmmc.o
 .text.SDMMC_GetCmdResp2
                0x00000000080076e8       0x8c Drivers/STM32F4xx_HAL_Driver/Src/stm32f4xx_ll_sdmmc.o
 .text.SDMMC_GetCmdResp3
                0x0000000008007774       0x74 Drivers/STM32F4xx_HAL_Driver/Src/stm32f4xx_ll_sdmmc.o
 .text.SDMMC_GetCmdResp6
                0x00000000080077e8       0xe8 Drivers/STM32F4xx_HAL_Driver/Src/stm32f4xx_ll_sdmmc.o
 .text.SDMMC_GetCmdResp7
                0x00000000080078d0       0x98 Drivers/STM32F4xx_HAL_Driver/Src/stm32f4xx_ll_sdmmc.o
 .text.calloc   0x0000000008007968       0x10 c:/st/stm32cubeide_1.4.0/stm32cubeide/plugins/com.st.stm32cube.ide.mcu.externaltools.gnu-tools-for-stm32.7-2018-q2-update.win32_1.5.0.202011040924/tools/bin/../lib/gcc/arm-none-eabi/7.3.1/../../../../arm-none-eabi/lib/thumb/v7e-m/fpv4-sp/hard\libc_nano.a(lib_a-calloc.o)
                0x0000000008007968                calloc
 .text.__libc_init_array
                0x0000000008007978       0x48 c:/st/stm32cubeide_1.4.0/stm32cubeide/plugins/com.st.stm32cube.ide.mcu.externaltools.gnu-tools-for-stm32.7-2018-q2-update.win32_1.5.0.202011040924/tools/bin/../lib/gcc/arm-none-eabi/7.3.1/../../../../arm-none-eabi/lib/thumb/v7e-m/fpv4-sp/hard\libc_nano.a(lib_a-init.o)
                0x0000000008007978                __libc_init_array
 .text.malloc   0x00000000080079c0       0x10 c:/st/stm32cubeide_1.4.0/stm32cubeide/plugins/com.st.stm32cube.ide.mcu.externaltools.gnu-tools-for-stm32.7-2018-q2-update.win32_1.5.0.202011040924/tools/bin/../lib/gcc/arm-none-eabi/7.3.1/../../../../arm-none-eabi/lib/thumb/v7e-m/fpv4-sp/hard\libc_nano.a(lib_a-malloc.o)
                0x00000000080079c0                malloc
 .text.free     0x00000000080079d0       0x10 c:/st/stm32cubeide_1.4.0/stm32cubeide/plugins/com.st.stm32cube.ide.mcu.externaltools.gnu-tools-for-stm32.7-2018-q2-update.win32_1.5.0.202011040924/tools/bin/../lib/gcc/arm-none-eabi/7.3.1/../../../../arm-none-eabi/lib/thumb/v7e-m/fpv4-sp/hard\libc_nano.a(lib_a-malloc.o)
                0x00000000080079d0                free
 .text.memset   0x00000000080079e0       0x10 c:/st/stm32cubeide_1.4.0/stm32cubeide/plugins/com.st.stm32cube.ide.mcu.externaltools.gnu-tools-for-stm32.7-2018-q2-update.win32_1.5.0.202011040924/tools/bin/../lib/gcc/arm-none-eabi/7.3.1/../../../../arm-none-eabi/lib/thumb/v7e-m/fpv4-sp/hard\libc_nano.a(lib_a-memset.o)
                0x00000000080079e0                memset
 .text._calloc_r
                0x00000000080079f0       0x1c c:/st/stm32cubeide_1.4.0/stm32cubeide/plugins/com.st.stm32cube.ide.mcu.externaltools.gnu-tools-for-stm32.7-2018-q2-update.win32_1.5.0.202011040924/tools/bin/../lib/gcc/arm-none-eabi/7.3.1/../../../../arm-none-eabi/lib/thumb/v7e-m/fpv4-sp/hard\libc_nano.a(lib_a-nano-callocr.o)
                0x00000000080079f0                _calloc_r
 .text._free_r  0x0000000008007a0c       0x9c c:/st/stm32cubeide_1.4.0/stm32cubeide/plugins/com.st.stm32cube.ide.mcu.externaltools.gnu-tools-for-stm32.7-2018-q2-update.win32_1.5.0.202011040924/tools/bin/../lib/gcc/arm-none-eabi/7.3.1/../../../../arm-none-eabi/lib/thumb/v7e-m/fpv4-sp/hard\libc_nano.a(lib_a-nano-freer.o)
                0x0000000008007a0c                _free_r
 .text._malloc_r
                0x0000000008007aa8       0xb4 c:/st/stm32cubeide_1.4.0/stm32cubeide/plugins/com.st.stm32cube.ide.mcu.externaltools.gnu-tools-for-stm32.7-2018-q2-update.win32_1.5.0.202011040924/tools/bin/../lib/gcc/arm-none-eabi/7.3.1/../../../../arm-none-eabi/lib/thumb/v7e-m/fpv4-sp/hard\libc_nano.a(lib_a-nano-mallocr.o)
                0x0000000008007aa8                _malloc_r
 .text.__cvt    0x0000000008007b5c       0xc2 c:/st/stm32cubeide_1.4.0/stm32cubeide/plugins/com.st.stm32cube.ide.mcu.externaltools.gnu-tools-for-stm32.7-2018-q2-update.win32_1.5.0.202011040924/tools/bin/../lib/gcc/arm-none-eabi/7.3.1/../../../../arm-none-eabi/lib/thumb/v7e-m/fpv4-sp/hard\libc_nano.a(lib_a-nano-vfprintf_float.o)
                0x0000000008007b5c                __cvt
 .text.__exponent
                0x0000000008007c1e       0x66 c:/st/stm32cubeide_1.4.0/stm32cubeide/plugins/com.st.stm32cube.ide.mcu.externaltools.gnu-tools-for-stm32.7-2018-q2-update.win32_1.5.0.202011040924/tools/bin/../lib/gcc/arm-none-eabi/7.3.1/../../../../arm-none-eabi/lib/thumb/v7e-m/fpv4-sp/hard\libc_nano.a(lib_a-nano-vfprintf_float.o)
                0x0000000008007c1e                __exponent
 .text._printf_float
                0x0000000008007c84      0x480 c:/st/stm32cubeide_1.4.0/stm32cubeide/plugins/com.st.stm32cube.ide.mcu.externaltools.gnu-tools-for-stm32.7-2018-q2-update.win32_1.5.0.202011040924/tools/bin/../lib/gcc/arm-none-eabi/7.3.1/../../../../arm-none-eabi/lib/thumb/v7e-m/fpv4-sp/hard\libc_nano.a(lib_a-nano-vfprintf_float.o)
                0x0000000008007c84                _printf_float
 .text._printf_common
                0x0000000008008104       0xea c:/st/stm32cubeide_1.4.0/stm32cubeide/plugins/com.st.stm32cube.ide.mcu.externaltools.gnu-tools-for-stm32.7-2018-q2-update.win32_1.5.0.202011040924/tools/bin/../lib/gcc/arm-none-eabi/7.3.1/../../../../arm-none-eabi/lib/thumb/v7e-m/fpv4-sp/hard\libc_nano.a(lib_a-nano-vfprintf_i.o)
                0x0000000008008104                _printf_common
 *fill*         0x00000000080081ee        0x2 
 .text._printf_i
                0x00000000080081f0      0x224 c:/st/stm32cubeide_1.4.0/stm32cubeide/plugins/com.st.stm32cube.ide.mcu.externaltools.gnu-tools-for-stm32.7-2018-q2-update.win32_1.5.0.202011040924/tools/bin/../lib/gcc/arm-none-eabi/7.3.1/../../../../arm-none-eabi/lib/thumb/v7e-m/fpv4-sp/hard\libc_nano.a(lib_a-nano-vfprintf_i.o)
                0x00000000080081f0                _printf_i
 .text._sbrk_r  0x0000000008008414       0x20 c:/st/stm32cubeide_1.4.0/stm32cubeide/plugins/com.st.stm32cube.ide.mcu.externaltools.gnu-tools-for-stm32.7-2018-q2-update.win32_1.5.0.202011040924/tools/bin/../lib/gcc/arm-none-eabi/7.3.1/../../../../arm-none-eabi/lib/thumb/v7e-m/fpv4-sp/hard\libc_nano.a(lib_a-sbrkr.o)
                0x0000000008008414                _sbrk_r
 .text.sprintf  0x0000000008008434       0x40 c:/st/stm32cubeide_1.4.0/stm32cubeide/plugins/com.st.stm32cube.ide.mcu.externaltools.gnu-tools-for-stm32.7-2018-q2-update.win32_1.5.0.202011040924/tools/bin/../lib/gcc/arm-none-eabi/7.3.1/../../../../arm-none-eabi/lib/thumb/v7e-m/fpv4-sp/hard\libc_nano.a(lib_a-sprintf.o)
                0x0000000008008434                siprintf
                0x0000000008008434                sprintf
 .text.quorem   0x0000000008008474      0x118 c:/st/stm32cubeide_1.4.0/stm32cubeide/plugins/com.st.stm32cube.ide.mcu.externaltools.gnu-tools-for-stm32.7-2018-q2-update.win32_1.5.0.202011040924/tools/bin/../lib/gcc/arm-none-eabi/7.3.1/../../../../arm-none-eabi/lib/thumb/v7e-m/fpv4-sp/hard\libc_nano.a(lib_a-dtoa.o)
 *fill*         0x000000000800858c        0x4 
 .text._dtoa_r  0x0000000008008590      0xb70 c:/st/stm32cubeide_1.4.0/stm32cubeide/plugins/com.st.stm32cube.ide.mcu.externaltools.gnu-tools-for-stm32.7-2018-q2-update.win32_1.5.0.202011040924/tools/bin/../lib/gcc/arm-none-eabi/7.3.1/../../../../arm-none-eabi/lib/thumb/v7e-m/fpv4-sp/hard\libc_nano.a(lib_a-dtoa.o)
                0x0000000008008590                _dtoa_r
 .text._localeconv_r
                0x0000000008009100       0x1c c:/st/stm32cubeide_1.4.0/stm32cubeide/plugins/com.st.stm32cube.ide.mcu.externaltools.gnu-tools-for-stm32.7-2018-q2-update.win32_1.5.0.202011040924/tools/bin/../lib/gcc/arm-none-eabi/7.3.1/../../../../arm-none-eabi/lib/thumb/v7e-m/fpv4-sp/hard\libc_nano.a(lib_a-localeconv.o)
                0x0000000008009100                _localeconv_r
 .text.memcpy   0x000000000800911c       0x16 c:/st/stm32cubeide_1.4.0/stm32cubeide/plugins/com.st.stm32cube.ide.mcu.externaltools.gnu-tools-for-stm32.7-2018-q2-update.win32_1.5.0.202011040924/tools/bin/../lib/gcc/arm-none-eabi/7.3.1/../../../../arm-none-eabi/lib/thumb/v7e-m/fpv4-sp/hard\libc_nano.a(lib_a-memcpy-stub.o)
                0x000000000800911c                memcpy
 .text.__malloc_lock
                0x0000000008009132        0x2 c:/st/stm32cubeide_1.4.0/stm32cubeide/plugins/com.st.stm32cube.ide.mcu.externaltools.gnu-tools-for-stm32.7-2018-q2-update.win32_1.5.0.202011040924/tools/bin/../lib/gcc/arm-none-eabi/7.3.1/../../../../arm-none-eabi/lib/thumb/v7e-m/fpv4-sp/hard\libc_nano.a(lib_a-mlock.o)
                0x0000000008009132                __malloc_lock
 .text.__malloc_unlock
                0x0000000008009134        0x2 c:/st/stm32cubeide_1.4.0/stm32cubeide/plugins/com.st.stm32cube.ide.mcu.externaltools.gnu-tools-for-stm32.7-2018-q2-update.win32_1.5.0.202011040924/tools/bin/../lib/gcc/arm-none-eabi/7.3.1/../../../../arm-none-eabi/lib/thumb/v7e-m/fpv4-sp/hard\libc_nano.a(lib_a-mlock.o)
                0x0000000008009134                __malloc_unlock
 .text._Balloc  0x0000000008009136       0x68 c:/st/stm32cubeide_1.4.0/stm32cubeide/plugins/com.st.stm32cube.ide.mcu.externaltools.gnu-tools-for-stm32.7-2018-q2-update.win32_1.5.0.202011040924/tools/bin/../lib/gcc/arm-none-eabi/7.3.1/../../../../arm-none-eabi/lib/thumb/v7e-m/fpv4-sp/hard\libc_nano.a(lib_a-mprec.o)
                0x0000000008009136                _Balloc
 .text._Bfree   0x000000000800919e       0x2e c:/st/stm32cubeide_1.4.0/stm32cubeide/plugins/com.st.stm32cube.ide.mcu.externaltools.gnu-tools-for-stm32.7-2018-q2-update.win32_1.5.0.202011040924/tools/bin/../lib/gcc/arm-none-eabi/7.3.1/../../../../arm-none-eabi/lib/thumb/v7e-m/fpv4-sp/hard\libc_nano.a(lib_a-mprec.o)
                0x000000000800919e                _Bfree
 .text.__multadd
                0x00000000080091cc       0x76 c:/st/stm32cubeide_1.4.0/stm32cubeide/plugins/com.st.stm32cube.ide.mcu.externaltools.gnu-tools-for-stm32.7-2018-q2-update.win32_1.5.0.202011040924/tools/bin/../lib/gcc/arm-none-eabi/7.3.1/../../../../arm-none-eabi/lib/thumb/v7e-m/fpv4-sp/hard\libc_nano.a(lib_a-mprec.o)
                0x00000000080091cc                __multadd
 .text.__hi0bits
                0x0000000008009242       0x3e c:/st/stm32cubeide_1.4.0/stm32cubeide/plugins/com.st.stm32cube.ide.mcu.externaltools.gnu-tools-for-stm32.7-2018-q2-update.win32_1.5.0.202011040924/tools/bin/../lib/gcc/arm-none-eabi/7.3.1/../../../../arm-none-eabi/lib/thumb/v7e-m/fpv4-sp/hard\libc_nano.a(lib_a-mprec.o)
                0x0000000008009242                __hi0bits
 .text.__lo0bits
                0x0000000008009280       0x5e c:/st/stm32cubeide_1.4.0/stm32cubeide/plugins/com.st.stm32cube.ide.mcu.externaltools.gnu-tools-for-stm32.7-2018-q2-update.win32_1.5.0.202011040924/tools/bin/../lib/gcc/arm-none-eabi/7.3.1/../../../../arm-none-eabi/lib/thumb/v7e-m/fpv4-sp/hard\libc_nano.a(lib_a-mprec.o)
                0x0000000008009280                __lo0bits
 .text.__i2b    0x00000000080092de       0x12 c:/st/stm32cubeide_1.4.0/stm32cubeide/plugins/com.st.stm32cube.ide.mcu.externaltools.gnu-tools-for-stm32.7-2018-q2-update.win32_1.5.0.202011040924/tools/bin/../lib/gcc/arm-none-eabi/7.3.1/../../../../arm-none-eabi/lib/thumb/v7e-m/fpv4-sp/hard\libc_nano.a(lib_a-mprec.o)
                0x00000000080092de                __i2b
 .text.__multiply
                0x00000000080092f0      0x12c c:/st/stm32cubeide_1.4.0/stm32cubeide/plugins/com.st.stm32cube.ide.mcu.externaltools.gnu-tools-for-stm32.7-2018-q2-update.win32_1.5.0.202011040924/tools/bin/../lib/gcc/arm-none-eabi/7.3.1/../../../../arm-none-eabi/lib/thumb/v7e-m/fpv4-sp/hard\libc_nano.a(lib_a-mprec.o)
                0x00000000080092f0                __multiply
 .text.__pow5mult
                0x000000000800941c       0x9c c:/st/stm32cubeide_1.4.0/stm32cubeide/plugins/com.st.stm32cube.ide.mcu.externaltools.gnu-tools-for-stm32.7-2018-q2-update.win32_1.5.0.202011040924/tools/bin/../lib/gcc/arm-none-eabi/7.3.1/../../../../arm-none-eabi/lib/thumb/v7e-m/fpv4-sp/hard\libc_nano.a(lib_a-mprec.o)
                0x000000000800941c                __pow5mult
 .text.__lshift
                0x00000000080094b8       0xa8 c:/st/stm32cubeide_1.4.0/stm32cubeide/plugins/com.st.stm32cube.ide.mcu.externaltools.gnu-tools-for-stm32.7-2018-q2-update.win32_1.5.0.202011040924/tools/bin/../lib/gcc/arm-none-eabi/7.3.1/../../../../arm-none-eabi/lib/thumb/v7e-m/fpv4-sp/hard\libc_nano.a(lib_a-mprec.o)
                0x00000000080094b8                __lshift
 .text.__mcmp   0x0000000008009560       0x34 c:/st/stm32cubeide_1.4.0/stm32cubeide/plugins/com.st.stm32cube.ide.mcu.externaltools.gnu-tools-for-stm32.7-2018-q2-update.win32_1.5.0.202011040924/tools/bin/../lib/gcc/arm-none-eabi/7.3.1/../../../../arm-none-eabi/lib/thumb/v7e-m/fpv4-sp/hard\libc_nano.a(lib_a-mprec.o)
                0x0000000008009560                __mcmp
 .text.__mdiff  0x0000000008009594       0xba c:/st/stm32cubeide_1.4.0/stm32cubeide/plugins/com.st.stm32cube.ide.mcu.externaltools.gnu-tools-for-stm32.7-2018-q2-update.win32_1.5.0.202011040924/tools/bin/../lib/gcc/arm-none-eabi/7.3.1/../../../../arm-none-eabi/lib/thumb/v7e-m/fpv4-sp/hard\libc_nano.a(lib_a-mprec.o)
                0x0000000008009594                __mdiff
 .text.__d2b    0x000000000800964e       0x9e c:/st/stm32cubeide_1.4.0/stm32cubeide/plugins/com.st.stm32cube.ide.mcu.externaltools.gnu-tools-for-stm32.7-2018-q2-update.win32_1.5.0.202011040924/tools/bin/../lib/gcc/arm-none-eabi/7.3.1/../../../../arm-none-eabi/lib/thumb/v7e-m/fpv4-sp/hard\libc_nano.a(lib_a-mprec.o)
                0x000000000800964e                __d2b
 .text.__ssputs_r
                0x00000000080096ec       0xb4 c:/st/stm32cubeide_1.4.0/stm32cubeide/plugins/com.st.stm32cube.ide.mcu.externaltools.gnu-tools-for-stm32.7-2018-q2-update.win32_1.5.0.202011040924/tools/bin/../lib/gcc/arm-none-eabi/7.3.1/../../../../arm-none-eabi/lib/thumb/v7e-m/fpv4-sp/hard\libc_nano.a(lib_a-nano-svfprintf.o)
                0x00000000080096ec                __ssputs_r
 .text._svfprintf_r
                0x00000000080097a0      0x1f0 c:/st/stm32cubeide_1.4.0/stm32cubeide/plugins/com.st.stm32cube.ide.mcu.externaltools.gnu-tools-for-stm32.7-2018-q2-update.win32_1.5.0.202011040924/tools/bin/../lib/gcc/arm-none-eabi/7.3.1/../../../../arm-none-eabi/lib/thumb/v7e-m/fpv4-sp/hard\libc_nano.a(lib_a-nano-svfprintf.o)
                0x00000000080097a0                _svfiprintf_r
                0x00000000080097a0                _svfprintf_r
 .text.__ascii_mbtowc
                0x0000000008009990       0x24 c:/st/stm32cubeide_1.4.0/stm32cubeide/plugins/com.st.stm32cube.ide.mcu.externaltools.gnu-tools-for-stm32.7-2018-q2-update.win32_1.5.0.202011040924/tools/bin/../lib/gcc/arm-none-eabi/7.3.1/../../../../arm-none-eabi/lib/thumb/v7e-m/fpv4-sp/hard\libc_nano.a(lib_a-mbtowc_r.o)
                0x0000000008009990                __ascii_mbtowc
 .text.memmove  0x00000000080099b4       0x32 c:/st/stm32cubeide_1.4.0/stm32cubeide/plugins/com.st.stm32cube.ide.mcu.externaltools.gnu-tools-for-stm32.7-2018-q2-update.win32_1.5.0.202011040924/tools/bin/../lib/gcc/arm-none-eabi/7.3.1/../../../../arm-none-eabi/lib/thumb/v7e-m/fpv4-sp/hard\libc_nano.a(lib_a-memmove.o)
                0x00000000080099b4                memmove
 .text._realloc_r
                0x00000000080099e6       0x4c c:/st/stm32cubeide_1.4.0/stm32cubeide/plugins/com.st.stm32cube.ide.mcu.externaltools.gnu-tools-for-stm32.7-2018-q2-update.win32_1.5.0.202011040924/tools/bin/../lib/gcc/arm-none-eabi/7.3.1/../../../../arm-none-eabi/lib/thumb/v7e-m/fpv4-sp/hard\libc_nano.a(lib_a-nano-reallocr.o)
                0x00000000080099e6                _realloc_r
 .text.__ascii_wctomb
                0x0000000008009a32       0x1a c:/st/stm32cubeide_1.4.0/stm32cubeide/plugins/com.st.stm32cube.ide.mcu.externaltools.gnu-tools-for-stm32.7-2018-q2-update.win32_1.5.0.202011040924/tools/bin/../lib/gcc/arm-none-eabi/7.3.1/../../../../arm-none-eabi/lib/thumb/v7e-m/fpv4-sp/hard\libc_nano.a(lib_a-wctomb_r.o)
                0x0000000008009a32                __ascii_wctomb
 .text._malloc_usable_size_r
                0x0000000008009a4c       0x10 c:/st/stm32cubeide_1.4.0/stm32cubeide/plugins/com.st.stm32cube.ide.mcu.externaltools.gnu-tools-for-stm32.7-2018-q2-update.win32_1.5.0.202011040924/tools/bin/../lib/gcc/arm-none-eabi/7.3.1/../../../../arm-none-eabi/lib/thumb/v7e-m/fpv4-sp/hard\libc_nano.a(lib_a-nano-msizer.o)
                0x0000000008009a4c                _malloc_usable_size_r
 *(.glue_7)
 .glue_7        0x0000000008009a5c        0x0 linker stubs
 *(.glue_7t)
 .glue_7t       0x0000000008009a5c        0x0 linker stubs
 *(.eh_frame)
 .eh_frame      0x0000000008009a5c        0x0 c:/st/stm32cubeide_1.4.0/stm32cubeide/plugins/com.st.stm32cube.ide.mcu.externaltools.gnu-tools-for-stm32.7-2018-q2-update.win32_1.5.0.202011040924/tools/bin/../lib/gcc/arm-none-eabi/7.3.1/thumb/v7e-m/fpv4-sp/hard/crtbegin.o
 *(.init)
 .init          0x0000000008009a5c        0x4 c:/st/stm32cubeide_1.4.0/stm32cubeide/plugins/com.st.stm32cube.ide.mcu.externaltools.gnu-tools-for-stm32.7-2018-q2-update.win32_1.5.0.202011040924/tools/bin/../lib/gcc/arm-none-eabi/7.3.1/thumb/v7e-m/fpv4-sp/hard/crti.o
                0x0000000008009a5c                _init
 .init          0x0000000008009a60        0x8 c:/st/stm32cubeide_1.4.0/stm32cubeide/plugins/com.st.stm32cube.ide.mcu.externaltools.gnu-tools-for-stm32.7-2018-q2-update.win32_1.5.0.202011040924/tools/bin/../lib/gcc/arm-none-eabi/7.3.1/thumb/v7e-m/fpv4-sp/hard/crtn.o
 *(.fini)
 .fini          0x0000000008009a68        0x4 c:/st/stm32cubeide_1.4.0/stm32cubeide/plugins/com.st.stm32cube.ide.mcu.externaltools.gnu-tools-for-stm32.7-2018-q2-update.win32_1.5.0.202011040924/tools/bin/../lib/gcc/arm-none-eabi/7.3.1/thumb/v7e-m/fpv4-sp/hard/crti.o
                0x0000000008009a68                _fini
 .fini          0x0000000008009a6c        0x8 c:/st/stm32cubeide_1.4.0/stm32cubeide/plugins/com.st.stm32cube.ide.mcu.externaltools.gnu-tools-for-stm32.7-2018-q2-update.win32_1.5.0.202011040924/tools/bin/../lib/gcc/arm-none-eabi/7.3.1/thumb/v7e-m/fpv4-sp/hard/crtn.o
                0x0000000008009a74                . = ALIGN (0x4)
                0x0000000008009a74                _etext = .

.vfp11_veneer   0x0000000008009a74        0x0
 .vfp11_veneer  0x0000000008009a74        0x0 linker stubs

.v4_bx          0x0000000008009a74        0x0
 .v4_bx         0x0000000008009a74        0x0 linker stubs

.iplt           0x0000000008009a74        0x0
 .iplt          0x0000000008009a74        0x0 c:/st/stm32cubeide_1.4.0/stm32cubeide/plugins/com.st.stm32cube.ide.mcu.externaltools.gnu-tools-for-stm32.7-2018-q2-update.win32_1.5.0.202011040924/tools/bin/../lib/gcc/arm-none-eabi/7.3.1/thumb/v7e-m/fpv4-sp/hard/crtbegin.o

.rodata         0x0000000008009a78     0xd268
                0x0000000008009a78                . = ALIGN (0x4)
 *(.rodata)
 .rodata        0x0000000008009a78       0x31 Core/Src/Lcd/ili9488.o
 *fill*         0x0000000008009aa9        0x3 
 .rodata        0x0000000008009aac       0x5a Core/Src/car_settings.o
 *fill*         0x0000000008009b06        0x2 
 .rodata        0x0000000008009b08      0x103 Core/Src/gui.o
 *fill*         0x0000000008009c0b        0x1 
 .rodata        0x0000000008009c0c        0x8 Core/Src/main.o
 *(.rodata*)
 .rodata.Font_RobotoBlack24_Table
                0x0000000008009c14     0x1ab8 Core/Src/Lcd/Fonts/Roboto/Black/RobotoBlack24.o
                0x0000000008009c14                Font_RobotoBlack24_Table
 .rodata.Font_RobotoBlack26_Table
                0x000000000800b6cc     0x1cf2 Core/Src/Lcd/Fonts/Roboto/Black/RobotoBlack26.o
                0x000000000800b6cc                Font_RobotoBlack26_Table
 *fill*         0x000000000800d3be        0x2 
 .rodata.Font_RobotoBlack36_Table
                0x000000000800d3c0     0x3570 Core/Src/Lcd/Fonts/Roboto/Black/RobotoBlack36.o
                0x000000000800d3c0                Font_RobotoBlack36_Table
 .rodata.Font_RobotoMedium24_Table
                0x0000000008010930     0x1ab8 Core/Src/Lcd/Fonts/Roboto/Medium/RobotoMedium24.o
                0x0000000008010930                Font_RobotoMedium24_Table
 .rodata.Font_RobotoMedium26_Table
                0x00000000080123e8     0x1cf2 Core/Src/Lcd/Fonts/Roboto/Medium/RobotoMedium26.o
                0x00000000080123e8                Font_RobotoMedium26_Table
 *fill*         0x00000000080140da        0x2 
 .rodata.Font_RobotoMedium28_Table
                0x00000000080140dc     0x2990 Core/Src/Lcd/Fonts/Roboto/Medium/RobotoMedium28.o
                0x00000000080140dc                Font_RobotoMedium28_Table
 .rodata.AHBPrescTable
                0x0000000008016a6c       0x10 Core/Src/system_stm32f4xx.o
                0x0000000008016a6c                AHBPrescTable
 .rodata.APBPrescTable
                0x0000000008016a7c        0x8 Core/Src/system_stm32f4xx.o
                0x0000000008016a7c                APBPrescTable
 .rodata._printf_float.str1.1
                0x0000000008016a84       0x12 c:/st/stm32cubeide_1.4.0/stm32cubeide/plugins/com.st.stm32cube.ide.mcu.externaltools.gnu-tools-for-stm32.7-2018-q2-update.win32_1.5.0.202011040924/tools/bin/../lib/gcc/arm-none-eabi/7.3.1/../../../../arm-none-eabi/lib/thumb/v7e-m/fpv4-sp/hard\libc_nano.a(lib_a-nano-vfprintf_float.o)
 .rodata._printf_i.str1.1
                0x0000000008016a96       0x22 c:/st/stm32cubeide_1.4.0/stm32cubeide/plugins/com.st.stm32cube.ide.mcu.externaltools.gnu-tools-for-stm32.7-2018-q2-update.win32_1.5.0.202011040924/tools/bin/../lib/gcc/arm-none-eabi/7.3.1/../../../../arm-none-eabi/lib/thumb/v7e-m/fpv4-sp/hard\libc_nano.a(lib_a-nano-vfprintf_i.o)
 .rodata._dtoa_r.str1.1
                0x0000000008016ab8        0xd c:/st/stm32cubeide_1.4.0/stm32cubeide/plugins/com.st.stm32cube.ide.mcu.externaltools.gnu-tools-for-stm32.7-2018-q2-update.win32_1.5.0.202011040924/tools/bin/../lib/gcc/arm-none-eabi/7.3.1/../../../../arm-none-eabi/lib/thumb/v7e-m/fpv4-sp/hard\libc_nano.a(lib_a-dtoa.o)
                                          0xf (size before relaxing)
 *fill*         0x0000000008016ac5        0x3 
 .rodata.__mprec_bigtens
                0x0000000008016ac8       0x28 c:/st/stm32cubeide_1.4.0/stm32cubeide/plugins/com.st.stm32cube.ide.mcu.externaltools.gnu-tools-for-stm32.7-2018-q2-update.win32_1.5.0.202011040924/tools/bin/../lib/gcc/arm-none-eabi/7.3.1/../../../../arm-none-eabi/lib/thumb/v7e-m/fpv4-sp/hard\libc_nano.a(lib_a-mprec.o)
                0x0000000008016ac8                __mprec_bigtens
 .rodata.__mprec_tens
                0x0000000008016af0       0xc8 c:/st/stm32cubeide_1.4.0/stm32cubeide/plugins/com.st.stm32cube.ide.mcu.externaltools.gnu-tools-for-stm32.7-2018-q2-update.win32_1.5.0.202011040924/tools/bin/../lib/gcc/arm-none-eabi/7.3.1/../../../../arm-none-eabi/lib/thumb/v7e-m/fpv4-sp/hard\libc_nano.a(lib_a-mprec.o)
                0x0000000008016af0                __mprec_tens
 .rodata.p05.7359
                0x0000000008016bb8        0xc c:/st/stm32cubeide_1.4.0/stm32cubeide/plugins/com.st.stm32cube.ide.mcu.externaltools.gnu-tools-for-stm32.7-2018-q2-update.win32_1.5.0.202011040924/tools/bin/../lib/gcc/arm-none-eabi/7.3.1/../../../../arm-none-eabi/lib/thumb/v7e-m/fpv4-sp/hard\libc_nano.a(lib_a-mprec.o)
 .rodata._svfprintf_r.str1.1
                0x0000000008016bc4       0x11 c:/st/stm32cubeide_1.4.0/stm32cubeide/plugins/com.st.stm32cube.ide.mcu.externaltools.gnu-tools-for-stm32.7-2018-q2-update.win32_1.5.0.202011040924/tools/bin/../lib/gcc/arm-none-eabi/7.3.1/../../../../arm-none-eabi/lib/thumb/v7e-m/fpv4-sp/hard\libc_nano.a(lib_a-nano-svfprintf.o)
 .rodata._setlocale_r.str1.1
                0x0000000008016bd5        0x8 c:/st/stm32cubeide_1.4.0/stm32cubeide/plugins/com.st.stm32cube.ide.mcu.externaltools.gnu-tools-for-stm32.7-2018-q2-update.win32_1.5.0.202011040924/tools/bin/../lib/gcc/arm-none-eabi/7.3.1/../../../../arm-none-eabi/lib/thumb/v7e-m/fpv4-sp/hard\libc_nano.a(lib_a-locale.o)
                                          0x9 (size before relaxing)
 .rodata.str1.1
                0x0000000008016bdd        0x2 c:/st/stm32cubeide_1.4.0/stm32cubeide/plugins/com.st.stm32cube.ide.mcu.externaltools.gnu-tools-for-stm32.7-2018-q2-update.win32_1.5.0.202011040924/tools/bin/../lib/gcc/arm-none-eabi/7.3.1/../../../../arm-none-eabi/lib/thumb/v7e-m/fpv4-sp/hard\libc_nano.a(lib_a-locale.o)
 .rodata._ctype_
                0x0000000008016bdf      0x101 c:/st/stm32cubeide_1.4.0/stm32cubeide/plugins/com.st.stm32cube.ide.mcu.externaltools.gnu-tools-for-stm32.7-2018-q2-update.win32_1.5.0.202011040924/tools/bin/../lib/gcc/arm-none-eabi/7.3.1/../../../../arm-none-eabi/lib/thumb/v7e-m/fpv4-sp/hard\libc_nano.a(lib_a-ctype_.o)
                0x0000000008016bdf                _ctype_
                0x0000000008016ce0                . = ALIGN (0x4)

.ARM.extab      0x0000000008016ce0        0x0
                0x0000000008016ce0                . = ALIGN (0x4)
 *(.ARM.extab* .gnu.linkonce.armextab.*)
                0x0000000008016ce0                . = ALIGN (0x4)

.ARM            0x0000000008016ce0        0x8
                0x0000000008016ce0                . = ALIGN (0x4)
                0x0000000008016ce0                __exidx_start = .
 *(.ARM.exidx*)
 .ARM.exidx     0x0000000008016ce0        0x8 c:/st/stm32cubeide_1.4.0/stm32cubeide/plugins/com.st.stm32cube.ide.mcu.externaltools.gnu-tools-for-stm32.7-2018-q2-update.win32_1.5.0.202011040924/tools/bin/../lib/gcc/arm-none-eabi/7.3.1/thumb/v7e-m/fpv4-sp/hard\libgcc.a(_udivmoddi4.o)
                0x0000000008016ce8                __exidx_end = .
                0x0000000008016ce8                . = ALIGN (0x4)

.rel.dyn        0x0000000008016ce8        0x0
 .rel.iplt      0x0000000008016ce8        0x0 c:/st/stm32cubeide_1.4.0/stm32cubeide/plugins/com.st.stm32cube.ide.mcu.externaltools.gnu-tools-for-stm32.7-2018-q2-update.win32_1.5.0.202011040924/tools/bin/../lib/gcc/arm-none-eabi/7.3.1/thumb/v7e-m/fpv4-sp/hard/crtbegin.o

.preinit_array  0x0000000008016ce8        0x0
                0x0000000008016ce8                . = ALIGN (0x4)
                0x0000000008016ce8                PROVIDE (__preinit_array_start = .)
 *(.preinit_array*)
                0x0000000008016ce8                PROVIDE (__preinit_array_end = .)
                0x0000000008016ce8                . = ALIGN (0x4)

.init_array     0x0000000008016ce8        0x4
                0x0000000008016ce8                . = ALIGN (0x4)
                0x0000000008016ce8                PROVIDE (__init_array_start = .)
 *(SORT_BY_NAME(.init_array.*))
 *(.init_array*)
 .init_array    0x0000000008016ce8        0x4 c:/st/stm32cubeide_1.4.0/stm32cubeide/plugins/com.st.stm32cube.ide.mcu.externaltools.gnu-tools-for-stm32.7-2018-q2-update.win32_1.5.0.202011040924/tools/bin/../lib/gcc/arm-none-eabi/7.3.1/thumb/v7e-m/fpv4-sp/hard/crtbegin.o
                0x0000000008016cec                PROVIDE (__init_array_end = .)
                0x0000000008016cec                . = ALIGN (0x4)

.fini_array     0x0000000008016cec        0x4
                0x0000000008016cec                . = ALIGN (0x4)
                [!provide]                        PROVIDE (__fini_array_start = .)
 *(SORT_BY_NAME(.fini_array.*))
 *(.fini_array*)
 .fini_array    0x0000000008016cec        0x4 c:/st/stm32cubeide_1.4.0/stm32cubeide/plugins/com.st.stm32cube.ide.mcu.externaltools.gnu-tools-for-stm32.7-2018-q2-update.win32_1.5.0.202011040924/tools/bin/../lib/gcc/arm-none-eabi/7.3.1/thumb/v7e-m/fpv4-sp/hard/crtbegin.o
                [!provide]                        PROVIDE (__fini_array_end = .)
                0x0000000008016cf0                . = ALIGN (0x4)
                0x0000000008016cf0                _sidata = LOADADDR (.data)

.data           0x0000000020000000      0x2b4 load address 0x0000000008016cf0
                0x0000000020000000                . = ALIGN (0x4)
                0x0000000020000000                _sdata = .
 *(.data)
 *(.data*)
 .data.Font_RobotoBlack24
                0x0000000020000000        0x8 Core/Src/Lcd/Fonts/Roboto/Black/RobotoBlack24.o
                0x0000000020000000                Font_RobotoBlack24
 .data.Font_RobotoBlack26
                0x0000000020000008        0x8 Core/Src/Lcd/Fonts/Roboto/Black/RobotoBlack26.o
                0x0000000020000008                Font_RobotoBlack26
 .data.Font_RobotoBlack36
                0x0000000020000010        0x8 Core/Src/Lcd/Fonts/Roboto/Black/RobotoBlack36.o
                0x0000000020000010                Font_RobotoBlack36
 .data.Font_RobotoMedium24
                0x0000000020000018        0x8 Core/Src/Lcd/Fonts/Roboto/Medium/RobotoMedium24.o
                0x0000000020000018                Font_RobotoMedium24
 .data.Font_RobotoMedium26
                0x0000000020000020        0x8 Core/Src/Lcd/Fonts/Roboto/Medium/RobotoMedium26.o
                0x0000000020000020                Font_RobotoMedium26
 .data.Font_RobotoMedium28
                0x0000000020000028        0x8 Core/Src/Lcd/Fonts/Roboto/Medium/RobotoMedium28.o
                0x0000000020000028                Font_RobotoMedium28
 .data.ili9488_drv
                0x0000000020000030       0x44 Core/Src/Lcd/ili9488.o
                0x0000000020000030                ili9488_drv
 .data.lcd_drv  0x0000000020000074        0x4 Core/Src/Lcd/ili9488.o
                0x0000000020000074                lcd_drv
 .data.drivers  0x0000000020000078       0x20 Core/Src/car_settings.o
                0x0000000020000078                drivers
 .data.events   0x0000000020000098       0x20 Core/Src/car_settings.o
                0x0000000020000098                events
 .data.menus    0x00000000200000b8       0x10 Core/Src/gui.o
                0x00000000200000b8                menus
 .data.current_screen
                0x00000000200000c8        0x1 Core/Src/main.o
                0x00000000200000c8                current_screen
 *fill*         0x00000000200000c9        0x3 
 .data.accumul_volts
                0x00000000200000cc        0x4 Core/Src/main.o
                0x00000000200000cc                accumul_volts
 .data.current_driver
                0x00000000200000d0        0x8 Core/Src/main.o
                0x00000000200000d0                current_driver
 .data.SystemCoreClock
                0x00000000200000d8        0x4 Core/Src/system_stm32f4xx.o
                0x00000000200000d8                SystemCoreClock
 .data.uwTickPrio
                0x00000000200000dc        0x4 Drivers/STM32F4xx_HAL_Driver/Src/stm32f4xx_hal.o
                0x00000000200000dc                uwTickPrio
 .data.uwTickFreq
                0x00000000200000e0        0x1 Drivers/STM32F4xx_HAL_Driver/Src/stm32f4xx_hal.o
                0x00000000200000e0                uwTickFreq
 *fill*         0x00000000200000e1        0x3 
 .data._impure_ptr
                0x00000000200000e4        0x4 c:/st/stm32cubeide_1.4.0/stm32cubeide/plugins/com.st.stm32cube.ide.mcu.externaltools.gnu-tools-for-stm32.7-2018-q2-update.win32_1.5.0.202011040924/tools/bin/../lib/gcc/arm-none-eabi/7.3.1/../../../../arm-none-eabi/lib/thumb/v7e-m/fpv4-sp/hard\libc_nano.a(lib_a-impure.o)
                0x00000000200000e4                _impure_ptr
 .data.impure_data
                0x00000000200000e8       0x60 c:/st/stm32cubeide_1.4.0/stm32cubeide/plugins/com.st.stm32cube.ide.mcu.externaltools.gnu-tools-for-stm32.7-2018-q2-update.win32_1.5.0.202011040924/tools/bin/../lib/gcc/arm-none-eabi/7.3.1/../../../../arm-none-eabi/lib/thumb/v7e-m/fpv4-sp/hard\libc_nano.a(lib_a-impure.o)
 .data.__global_locale
                0x0000000020000148      0x16c c:/st/stm32cubeide_1.4.0/stm32cubeide/plugins/com.st.stm32cube.ide.mcu.externaltools.gnu-tools-for-stm32.7-2018-q2-update.win32_1.5.0.202011040924/tools/bin/../lib/gcc/arm-none-eabi/7.3.1/../../../../arm-none-eabi/lib/thumb/v7e-m/fpv4-sp/hard\libc_nano.a(lib_a-locale.o)
                0x0000000020000148                __global_locale
                0x00000000200002b4                . = ALIGN (0x4)
                0x00000000200002b4                _edata = .

.igot.plt       0x00000000200002b4        0x0 load address 0x0000000008016fa4
 .igot.plt      0x00000000200002b4        0x0 c:/st/stm32cubeide_1.4.0/stm32cubeide/plugins/com.st.stm32cube.ide.mcu.externaltools.gnu-tools-for-stm32.7-2018-q2-update.win32_1.5.0.202011040924/tools/bin/../lib/gcc/arm-none-eabi/7.3.1/thumb/v7e-m/fpv4-sp/hard/crtbegin.o
                0x00000000200002b4                . = ALIGN (0x4)

.bss            0x00000000200002b4      0x248 load address 0x0000000008016fa4
                0x00000000200002b4                _sbss = .
                0x00000000200002b4                __bss_start__ = _sbss
 *(.bss)
 .bss           0x00000000200002b4       0x1c c:/st/stm32cubeide_1.4.0/stm32cubeide/plugins/com.st.stm32cube.ide.mcu.externaltools.gnu-tools-for-stm32.7-2018-q2-update.win32_1.5.0.202011040924/tools/bin/../lib/gcc/arm-none-eabi/7.3.1/thumb/v7e-m/fpv4-sp/hard/crtbegin.o
 *(.bss*)
 .bss.Is_ili9488_Initialized
                0x00000000200002d0        0x1 Core/Src/Lcd/ili9488.o
 *fill*         0x00000000200002d1        0x1 
 .bss.yStart    0x00000000200002d2        0x2 Core/Src/Lcd/ili9488.o
 .bss.yEnd      0x00000000200002d4        0x2 Core/Src/Lcd/ili9488.o
 *fill*         0x00000000200002d6        0x2 
 .bss.scrparam.9579
                0x00000000200002d8        0x8 Core/Src/Lcd/ili9488.o
 .bss.heap_end.10496
                0x00000000200002e0        0x4 Core/Src/Other/syscalls.o
 .bss.menu_pot_incremented
                0x00000000200002e4        0x1 Core/Src/gui.o
                0x00000000200002e4                menu_pot_incremented
 .bss.menu_pot_decremented
                0x00000000200002e5        0x1 Core/Src/gui.o
                0x00000000200002e5                menu_pot_decremented
 *fill*         0x00000000200002e6        0x2 
 .bss.drawn_accumul_charge
                0x00000000200002e8        0x4 Core/Src/gui.o
                0x00000000200002e8                drawn_accumul_charge
 .bss.drawn_accumul_delta
                0x00000000200002ec        0x4 Core/Src/gui.o
                0x00000000200002ec                drawn_accumul_delta
 .bss.accumul_charge
                0x00000000200002f0        0x4 Core/Src/main.o
                0x00000000200002f0                accumul_charge
 .bss.accumul_delta
                0x00000000200002f4        0x4 Core/Src/main.o
                0x00000000200002f4                accumul_delta
 .bss.activate_btn_pressed
                0x00000000200002f8        0x1 Core/Src/main.o
                0x00000000200002f8                activate_btn_pressed
 .bss.back_btn_pressed
                0x00000000200002f9        0x1 Core/Src/main.o
                0x00000000200002f9                back_btn_pressed
 *fill*         0x00000000200002fa        0x2 
 .bss.__malloc_free_list
                0x00000000200002fc        0x4 c:/st/stm32cubeide_1.4.0/stm32cubeide/plugins/com.st.stm32cube.ide.mcu.externaltools.gnu-tools-for-stm32.7-2018-q2-update.win32_1.5.0.202011040924/tools/bin/../lib/gcc/arm-none-eabi/7.3.1/../../../../arm-none-eabi/lib/thumb/v7e-m/fpv4-sp/hard\libc_nano.a(lib_a-nano-mallocr.o)
                0x00000000200002fc                __malloc_free_list
 .bss.__malloc_sbrk_start
                0x0000000020000300        0x4 c:/st/stm32cubeide_1.4.0/stm32cubeide/plugins/com.st.stm32cube.ide.mcu.externaltools.gnu-tools-for-stm32.7-2018-q2-update.win32_1.5.0.202011040924/tools/bin/../lib/gcc/arm-none-eabi/7.3.1/../../../../arm-none-eabi/lib/thumb/v7e-m/fpv4-sp/hard\libc_nano.a(lib_a-nano-mallocr.o)
                0x0000000020000300                __malloc_sbrk_start
 *(COMMON)
 COMMON         0x0000000020000304        0xc Core/Src/Lcd/stm32_adafruit_lcd.o
                0x0000000020000304                DrawProp
 COMMON         0x0000000020000310      0x1a2 Core/Src/main.o
                0x0000000020000310                hspi2
                0x0000000020000368                hrtc
                0x0000000020000388                raw
                0x000000002000038c                hsd
                0x0000000020000410                hspi1
                0x0000000020000468                huart2
                0x00000000200004a8                current_event
                0x00000000200004b0                selected_menu_option
                0x00000000200004b1                max_menu_option
 *fill*         0x00000000200004b2        0x2 
 COMMON         0x00000000200004b4       0x40 Core/Src/stm32f4xx_hal_timebase_tim.o
                0x00000000200004b4                htim4
 COMMON         0x00000000200004f4        0x4 Drivers/STM32F4xx_HAL_Driver/Src/stm32f4xx_hal.o
                0x00000000200004f4                uwTick
 COMMON         0x00000000200004f8        0x4 c:/st/stm32cubeide_1.4.0/stm32cubeide/plugins/com.st.stm32cube.ide.mcu.externaltools.gnu-tools-for-stm32.7-2018-q2-update.win32_1.5.0.202011040924/tools/bin/../lib/gcc/arm-none-eabi/7.3.1/../../../../arm-none-eabi/lib/thumb/v7e-m/fpv4-sp/hard\libc_nano.a(lib_a-reent.o)
                0x00000000200004f8                errno
                0x00000000200004fc                . = ALIGN (0x4)
                0x00000000200004fc                _ebss = .
                0x00000000200004fc                __bss_end__ = _ebss

._user_heap_stack
                0x00000000200004fc      0xa04 load address 0x0000000008016fa4
                0x0000000020000500                . = ALIGN (0x8)
 *fill*         0x00000000200004fc        0x4 
                0x0000000020000500                PROVIDE (end = .)
                [!provide]                        PROVIDE (_end = .)
                0x0000000020000700                . = (. + _Min_Heap_Size)
 *fill*         0x0000000020000500      0x200 
                0x0000000020000f00                . = (. + _Min_Stack_Size)
 *fill*         0x0000000020000700      0x800 
                0x0000000020000f00                . = ALIGN (0x8)

/DISCARD/
 libc.a(*)
 libm.a(*)
 libgcc.a(*)

.ARM.attributes
                0x0000000000000000       0x30
 *(.ARM.attributes)
 .ARM.attributes
                0x0000000000000000       0x22 c:/st/stm32cubeide_1.4.0/stm32cubeide/plugins/com.st.stm32cube.ide.mcu.externaltools.gnu-tools-for-stm32.7-2018-q2-update.win32_1.5.0.202011040924/tools/bin/../lib/gcc/arm-none-eabi/7.3.1/thumb/v7e-m/fpv4-sp/hard/crti.o
 .ARM.attributes
                0x0000000000000022       0x34 c:/st/stm32cubeide_1.4.0/stm32cubeide/plugins/com.st.stm32cube.ide.mcu.externaltools.gnu-tools-for-stm32.7-2018-q2-update.win32_1.5.0.202011040924/tools/bin/../lib/gcc/arm-none-eabi/7.3.1/thumb/v7e-m/fpv4-sp/hard/crtbegin.o
 .ARM.attributes
                0x0000000000000056       0x39 Core/Src/Lcd/Fonts/Roboto/Black/RobotoBlack24.o
 .ARM.attributes
                0x000000000000008f       0x39 Core/Src/Lcd/Fonts/Roboto/Black/RobotoBlack26.o
 .ARM.attributes
                0x00000000000000c8       0x39 Core/Src/Lcd/Fonts/Roboto/Black/RobotoBlack36.o
 .ARM.attributes
                0x0000000000000101       0x39 Core/Src/Lcd/Fonts/Roboto/Medium/RobotoMedium24.o
 .ARM.attributes
                0x000000000000013a       0x39 Core/Src/Lcd/Fonts/Roboto/Medium/RobotoMedium26.o
 .ARM.attributes
                0x0000000000000173       0x39 Core/Src/Lcd/Fonts/Roboto/Medium/RobotoMedium28.o
 .ARM.attributes
                0x00000000000001ac       0x39 Core/Src/Lcd/ili9488.o
 .ARM.attributes
                0x00000000000001e5       0x39 Core/Src/Lcd/lcd_io_spi.o
 .ARM.attributes
                0x000000000000021e       0x39 Core/Src/Lcd/stm32_adafruit_lcd.o
 .ARM.attributes
                0x0000000000000257       0x39 Core/Src/Other/syscalls.o
 .ARM.attributes
                0x0000000000000290       0x39 Core/Src/car_settings.o
 .ARM.attributes
                0x00000000000002c9       0x39 Core/Src/gui.o
 .ARM.attributes
                0x0000000000000302       0x39 Core/Src/main.o
 .ARM.attributes
                0x000000000000033b       0x39 Core/Src/stm32f4xx_hal_msp.o
 .ARM.attributes
                0x0000000000000374       0x39 Core/Src/stm32f4xx_hal_timebase_tim.o
 .ARM.attributes
                0x00000000000003ad       0x39 Core/Src/stm32f4xx_it.o
 .ARM.attributes
                0x00000000000003e6       0x39 Core/Src/system_stm32f4xx.o
 .ARM.attributes
                0x000000000000041f       0x21 Core/Startup/startup_stm32f446retx.o
 .ARM.attributes
                0x0000000000000440       0x39 Drivers/STM32F4xx_HAL_Driver/Src/stm32f4xx_hal.o
 .ARM.attributes
                0x0000000000000479       0x39 Drivers/STM32F4xx_HAL_Driver/Src/stm32f4xx_hal_cortex.o
 .ARM.attributes
                0x00000000000004b2       0x39 Drivers/STM32F4xx_HAL_Driver/Src/stm32f4xx_hal_gpio.o
 .ARM.attributes
                0x00000000000004eb       0x39 Drivers/STM32F4xx_HAL_Driver/Src/stm32f4xx_hal_pwr_ex.o
 .ARM.attributes
                0x0000000000000524       0x39 Drivers/STM32F4xx_HAL_Driver/Src/stm32f4xx_hal_rcc.o
 .ARM.attributes
                0x000000000000055d       0x39 Drivers/STM32F4xx_HAL_Driver/Src/stm32f4xx_hal_rcc_ex.o
 .ARM.attributes
                0x0000000000000596       0x39 Drivers/STM32F4xx_HAL_Driver/Src/stm32f4xx_hal_rtc.o
 .ARM.attributes
                0x00000000000005cf       0x39 Drivers/STM32F4xx_HAL_Driver/Src/stm32f4xx_hal_sd.o
 .ARM.attributes
                0x0000000000000608       0x39 Drivers/STM32F4xx_HAL_Driver/Src/stm32f4xx_hal_spi.o
 .ARM.attributes
                0x0000000000000641       0x39 Drivers/STM32F4xx_HAL_Driver/Src/stm32f4xx_hal_tim.o
 .ARM.attributes
                0x000000000000067a       0x39 Drivers/STM32F4xx_HAL_Driver/Src/stm32f4xx_hal_tim_ex.o
 .ARM.attributes
                0x00000000000006b3       0x39 Drivers/STM32F4xx_HAL_Driver/Src/stm32f4xx_hal_uart.o
 .ARM.attributes
                0x00000000000006ec       0x39 Drivers/STM32F4xx_HAL_Driver/Src/stm32f4xx_ll_sdmmc.o
 .ARM.attributes
                0x0000000000000725       0x34 c:/st/stm32cubeide_1.4.0/stm32cubeide/plugins/com.st.stm32cube.ide.mcu.externaltools.gnu-tools-for-stm32.7-2018-q2-update.win32_1.5.0.202011040924/tools/bin/../lib/gcc/arm-none-eabi/7.3.1/../../../../arm-none-eabi/lib/thumb/v7e-m/fpv4-sp/hard\libc_nano.a(lib_a-calloc.o)
 .ARM.attributes
                0x0000000000000759       0x34 c:/st/stm32cubeide_1.4.0/stm32cubeide/plugins/com.st.stm32cube.ide.mcu.externaltools.gnu-tools-for-stm32.7-2018-q2-update.win32_1.5.0.202011040924/tools/bin/../lib/gcc/arm-none-eabi/7.3.1/../../../../arm-none-eabi/lib/thumb/v7e-m/fpv4-sp/hard\libc_nano.a(lib_a-impure.o)
 .ARM.attributes
                0x000000000000078d       0x34 c:/st/stm32cubeide_1.4.0/stm32cubeide/plugins/com.st.stm32cube.ide.mcu.externaltools.gnu-tools-for-stm32.7-2018-q2-update.win32_1.5.0.202011040924/tools/bin/../lib/gcc/arm-none-eabi/7.3.1/../../../../arm-none-eabi/lib/thumb/v7e-m/fpv4-sp/hard\libc_nano.a(lib_a-init.o)
 .ARM.attributes
                0x00000000000007c1       0x34 c:/st/stm32cubeide_1.4.0/stm32cubeide/plugins/com.st.stm32cube.ide.mcu.externaltools.gnu-tools-for-stm32.7-2018-q2-update.win32_1.5.0.202011040924/tools/bin/../lib/gcc/arm-none-eabi/7.3.1/../../../../arm-none-eabi/lib/thumb/v7e-m/fpv4-sp/hard\libc_nano.a(lib_a-malloc.o)
 .ARM.attributes
                0x00000000000007f5       0x34 c:/st/stm32cubeide_1.4.0/stm32cubeide/plugins/com.st.stm32cube.ide.mcu.externaltools.gnu-tools-for-stm32.7-2018-q2-update.win32_1.5.0.202011040924/tools/bin/../lib/gcc/arm-none-eabi/7.3.1/../../../../arm-none-eabi/lib/thumb/v7e-m/fpv4-sp/hard\libc_nano.a(lib_a-memset.o)
 .ARM.attributes
                0x0000000000000829       0x34 c:/st/stm32cubeide_1.4.0/stm32cubeide/plugins/com.st.stm32cube.ide.mcu.externaltools.gnu-tools-for-stm32.7-2018-q2-update.win32_1.5.0.202011040924/tools/bin/../lib/gcc/arm-none-eabi/7.3.1/../../../../arm-none-eabi/lib/thumb/v7e-m/fpv4-sp/hard\libc_nano.a(lib_a-nano-callocr.o)
 .ARM.attributes
                0x000000000000085d       0x34 c:/st/stm32cubeide_1.4.0/stm32cubeide/plugins/com.st.stm32cube.ide.mcu.externaltools.gnu-tools-for-stm32.7-2018-q2-update.win32_1.5.0.202011040924/tools/bin/../lib/gcc/arm-none-eabi/7.3.1/../../../../arm-none-eabi/lib/thumb/v7e-m/fpv4-sp/hard\libc_nano.a(lib_a-nano-freer.o)
 .ARM.attributes
                0x0000000000000891       0x34 c:/st/stm32cubeide_1.4.0/stm32cubeide/plugins/com.st.stm32cube.ide.mcu.externaltools.gnu-tools-for-stm32.7-2018-q2-update.win32_1.5.0.202011040924/tools/bin/../lib/gcc/arm-none-eabi/7.3.1/../../../../arm-none-eabi/lib/thumb/v7e-m/fpv4-sp/hard\libc_nano.a(lib_a-nano-mallocr.o)
 .ARM.attributes
                0x00000000000008c5       0x34 c:/st/stm32cubeide_1.4.0/stm32cubeide/plugins/com.st.stm32cube.ide.mcu.externaltools.gnu-tools-for-stm32.7-2018-q2-update.win32_1.5.0.202011040924/tools/bin/../lib/gcc/arm-none-eabi/7.3.1/../../../../arm-none-eabi/lib/thumb/v7e-m/fpv4-sp/hard\libc_nano.a(lib_a-nano-vfprintf_float.o)
 .ARM.attributes
                0x00000000000008f9       0x34 c:/st/stm32cubeide_1.4.0/stm32cubeide/plugins/com.st.stm32cube.ide.mcu.externaltools.gnu-tools-for-stm32.7-2018-q2-update.win32_1.5.0.202011040924/tools/bin/../lib/gcc/arm-none-eabi/7.3.1/../../../../arm-none-eabi/lib/thumb/v7e-m/fpv4-sp/hard\libc_nano.a(lib_a-nano-vfprintf_i.o)
 .ARM.attributes