lcd_io_spi.c:653:13:LcdDirRead	24	static
lcd_io_spi.c:669:13:LcdDirWrite	16	static
lcd_io_spi.c:685:13:LcdWrite8	8	static
lcd_io_spi.c:694:16:LcdRead8	0	static
lcd_io_spi.c:704:13:LcdCmdWrite8	8	static
lcd_io_spi.c:715:13:LcdWrite16	8	static
lcd_io_spi.c:724:17:LcdRead16	0	static
lcd_io_spi.c:734:13:LcdCmdWrite16	8	static
lcd_io_spi.c:796:6:LCD_IO_WriteMultiData8	16	static
lcd_io_spi.c:808:6:LCD_IO_WriteMultiData16	16	static
lcd_io_spi.c:1026:6:LCD_IO_ReadMultiData8	8	static
lcd_io_spi.c:1040:6:LCD_IO_ReadMultiData16	8	static
lcd_io_spi.c:1054:6:LCD_IO_ReadMultiData16to24	24	static
lcd_io_spi.c:1264:6:LCD_IO_Delay	16	static
lcd_io_spi.c:1277:6:LCD_Delay	0	static
lcd_io_spi.c:1283:6:LCD_IO_Bl_OnOff	0	static
lcd_io_spi.c:1294:6:LCD_IO_Init	16	static
lcd_io_spi.c:1432:6:LCD_IO_WriteCmd8	8	static
lcd_io_spi.c:1442:6:LCD_IO_WriteCmd16	16	static
lcd_io_spi.c:1452:6:LCD_IO_WriteData8	8	static
lcd_io_spi.c:1462:6:LCD_IO_WriteData16	16	static
lcd_io_spi.c:1472:6:LCD_IO_WriteCmd8DataFill16	32	static
lcd_io_spi.c:1483:6:LCD_IO_WriteCmd8MultipleData8	16	static
lcd_io_spi.c:1493:6:LCD_IO_WriteCmd8MultipleData16	16	static
lcd_io_spi.c:1504:6:LCD_IO_WriteCmd16DataFill16	24	static
lcd_io_spi.c:1514:6:LCD_IO_WriteCmd16MultipleData8	24	static
lcd_io_spi.c:1525:6:LCD_IO_WriteCmd16MultipleData16	16	static
lcd_io_spi.c:1544:6:LCD_IO_ReadCmd8MultipleData8	24	static
lcd_io_spi.c:1557:6:LCD_IO_ReadCmd8MultipleData16	24	static
lcd_io_spi.c:1571:6:LCD_IO_ReadCmd8MultipleData24to16	24	static
lcd_io_spi.c:1584:6:LCD_IO_ReadCmd16MultipleData8	24	static
lcd_io_spi.c:1598:6:LCD_IO_ReadCmd16MultipleData16	16	static
lcd_io_spi.c:1611:6:LCD_IO_ReadCmd16MultipleData24to16	24	static
