gui.c:33:6:clearArea	32	static
gui.c:48:6:drawScreen	16	static
gui.c:80:6:updateMenuScroll	4	static
gui.c:93:6:drawStartupScreen	8	static
gui.c:99:6:drawRTDScreen	48	static
gui.c:121:6:updateRTDScreen	24	static
gui.c:198:6:drawSMScreen	16	static
gui.c:217:6:updateSMScreen	16	static
gui.c:238:6:drawDriverSelectionScreen	16	static
gui.c:256:6:updateDriverSelectionScreen	16	static
gui.c:269:6:drawEventSelectionScreen	16	static
gui.c:286:6:updateEventSelectionScreen	16	static
gui.c:299:6:drawCarConfigurationScreen	16	static
gui.c:318:6:updateCarConfigurationScreen	16	static
gui.c:328:6:drawHeaderBar	24	static
gui.c:345:6:drawAccumulatorDeltaBar	48	static
gui.c:392:6:updateAccumulatorDeltaBar	56	static
gui.c:459:6:drawAccumulatorTotalBar	40	static
gui.c:486:6:updateAccumulatorTotalBar	48	static
gui.c:519:6:drawReading	24	static
gui.c:542:6:updateReading	24	static
gui.c:550:6:drawMenuItem	16	static
gui.c:567:6:updateMenuItem	16	static
gui.c:576:6:drawMenuItemWithValue	24	static
gui.c:600:6:updateMenuItemWithValue	24	static
gui.c:616:6:drawWarning	8	static
