gui.c:27:6:clearArea	32	static
gui.c:41:6:drawScreen	16	static
gui.c:67:6:updateMenuScroll	4	static
gui.c:77:6:drawStartupScreen	8	static
gui.c:83:6:drawRTDScreen	48	static
gui.c:103:6:updateRTDScreen	24	static
gui.c:179:6:drawSMScreen	16	static
gui.c:199:6:updateSMScreen	16	static
gui.c:214:6:drawDriverSelectionScreen	16	static
gui.c:233:6:updateDriverSelectionScreen	16	static
gui.c:245:6:drawEventSelectionScreen	16	static
gui.c:263:6:updateEventSelectionScreen	16	static
gui.c:273:6:drawCarConfigurationScreen	16	static
gui.c:292:6:updateCarConfigurationScreen	16	static
gui.c:302:6:drawHeaderBar	24	static
gui.c:319:6:drawAccumulatorDeltaBar	40	static
gui.c:362:6:updateAccumulatorDeltaBar	40	static
gui.c:391:6:drawAccumulatorTotalBar	40	static
gui.c:418:6:updateAccumulatorTotalBar	40	static
gui.c:444:6:drawReading	24	static
gui.c:467:6:updateReading	24	static
gui.c:475:6:drawMenuItem	16	static
gui.c:491:6:updateMenuItem	16	static
gui.c:500:6:drawMenuItemWithValue	24	static
gui.c:524:6:updateMenuItemWithValue	16	static
gui.c:538:6:drawWarning	8	static
