gui.c:32:6:clearArea	32	static
gui.c:47:6:drawScreen	16	static
gui.c:79:6:updateMenuScroll	4	static
gui.c:92:6:drawStartupScreen	8	static
gui.c:98:6:drawRTDScreen	48	static
gui.c:118:6:updateRTDScreen	24	static
gui.c:211:6:drawSMScreen	16	static
gui.c:230:6:updateSMScreen	16	static
gui.c:251:6:drawDriverSelectionScreen	16	static
gui.c:269:6:updateDriverSelectionScreen	16	static
gui.c:282:6:drawEventSelectionScreen	16	static
gui.c:299:6:updateEventSelectionScreen	16	static
gui.c:312:6:drawCarConfigurationScreen	24	static
gui.c:332:6:updateCarConfigurationScreen	16	static
gui.c:346:6:drawHeaderBar	24	static
gui.c:363:6:drawAccumulatorDeltaBar	48	static
gui.c:410:6:updateAccumulatorDeltaBar	56	static
gui.c:480:6:drawAccumulatorTotalBar	40	static
gui.c:507:6:updateAccumulatorTotalBar	48	static
gui.c:540:6:drawReading	24	static
gui.c:563:6:updateReading	24	static
gui.c:571:6:drawMenuItem	16	static
gui.c:588:6:updateMenuItem	16	static
gui.c:597:6:drawMenuItemWithValue	24	static
gui.c:622:6:updateMenuItemWithValue	24	static
gui.c:638:6:drawWarning	8	static
