gui.c:31:6:clearArea	32	static
gui.c:46:6:drawScreen	16	static
gui.c:78:6:updateMenuScroll	4	static
gui.c:90:6:updateCarConfiguration	4	static
gui.c:126:6:drawStartupScreen	8	static
gui.c:132:6:drawRTDScreen	48	static
gui.c:152:6:updateRTDScreen	24	static
gui.c:245:6:drawSMScreen	16	static
gui.c:264:6:updateSMScreen	16	static
gui.c:285:6:drawDriverSelectionScreen	16	static
gui.c:296:6:updateDriverSelectionScreen	16	static
gui.c:309:6:drawEventSelectionScreen	16	static
gui.c:320:6:updateEventSelectionScreen	16	static
gui.c:333:6:drawCarConfigurationScreen	24	static
gui.c:347:6:updateCarConfigurationScreen	16	static
gui.c:362:6:drawPrimaryHeaderBar	24	static
gui.c:379:6:drawSecondaryHeaderBar	16	static
gui.c:390:6:drawAccumulatorDeltaBar	48	static
gui.c:437:6:updateAccumulatorDeltaBar	56	static
gui.c:507:6:drawAccumulatorTotalBar	40	static
gui.c:534:6:updateAccumulatorTotalBar	48	static
gui.c:567:6:drawReading	24	static
gui.c:590:6:updateReading	24	static
gui.c:598:6:drawMenuItem	16	static
gui.c:615:6:updateMenuItem	16	static
gui.c:624:6:drawMenuItemWithValue	24	static
gui.c:646:6:updateMenuItemWithValue	24	static
gui.c:664:6:drawWarning	8	static
