gui.c:27:6:clearArea	32	static
gui.c:42:6:drawScreen	16	static
gui.c:74:6:updateMenuScroll	4	static
gui.c:86:6:updateCarConfiguration	4	static
gui.c:122:6:drawStartupScreen	8	static
gui.c:128:6:drawRTDScreen	48	static
gui.c:148:6:updateRTDScreen	24	static
gui.c:241:6:drawSMScreen	16	static
gui.c:260:6:updateSMScreen	16	static
gui.c:281:6:drawDriverSelectionScreen	16	static
gui.c:292:6:updateDriverSelectionScreen	16	static
gui.c:305:6:drawEventSelectionScreen	16	static
gui.c:316:6:updateEventSelectionScreen	16	static
gui.c:329:6:drawCarConfigurationScreen	24	static
gui.c:343:6:updateCarConfigurationScreen	16	static
gui.c:358:6:drawPrimaryHeaderBar	24	static
gui.c:375:6:drawSecondaryHeaderBar	16	static
gui.c:386:6:drawAccumulatorDeltaBar	48	static
gui.c:433:6:updateAccumulatorDeltaBar	56	static
gui.c:503:6:drawAccumulatorTotalBar	40	static
gui.c:530:6:updateAccumulatorTotalBar	48	static
gui.c:563:6:drawReading	24	static
gui.c:586:6:updateReading	24	static
gui.c:594:6:drawMenuItem	16	static
gui.c:611:6:updateMenuItem	16	static
gui.c:620:6:drawMenuItemWithValue	24	static
gui.c:642:6:updateMenuItemWithValue	24	static
gui.c:660:6:drawWarning	8	static
