gui.c:31:6:clearArea	32	static
gui.c:46:6:drawScreen	16	static
gui.c:78:6:updateMenuScroll	4	static
gui.c:90:6:updateCarConfiguration	4	static
gui.c:100:6:drawStartupScreen	8	static
gui.c:106:6:drawRTDScreen	48	static
gui.c:126:6:updateRTDScreen	24	static
gui.c:219:6:drawSMScreen	16	static
gui.c:238:6:updateSMScreen	16	static
gui.c:259:6:drawDriverSelectionScreen	16	static
gui.c:270:6:updateDriverSelectionScreen	16	static
gui.c:283:6:drawEventSelectionScreen	16	static
gui.c:294:6:updateEventSelectionScreen	16	static
gui.c:307:6:drawCarConfigurationScreen	24	static
gui.c:320:6:updateCarConfigurationScreen	16	static
gui.c:334:6:drawPrimaryHeaderBar	24	static
gui.c:351:6:drawSecondaryHeaderBar	16	static
gui.c:362:6:drawAccumulatorDeltaBar	48	static
gui.c:409:6:updateAccumulatorDeltaBar	56	static
gui.c:479:6:drawAccumulatorTotalBar	40	static
gui.c:506:6:updateAccumulatorTotalBar	48	static
gui.c:539:6:drawReading	24	static
gui.c:562:6:updateReading	24	static
gui.c:570:6:drawMenuItem	16	static
gui.c:587:6:updateMenuItem	16	static
gui.c:596:6:drawMenuItemWithValue	24	static
gui.c:621:6:updateMenuItemWithValue	24	static
gui.c:637:6:drawWarning	8	static
